Component: Arm Compiler for Embedded 6.22 Tool: armlink [5ee90200]

==============================================================================

Section Cross References

    startup_stm32g474xx.o(STACK) refers (Special) to heapauxi.o(.text) for __use_two_region_memory
    startup_stm32g474xx.o(HEAP) refers (Special) to heapauxi.o(.text) for __use_two_region_memory
    startup_stm32g474xx.o(RESET) refers (Special) to heapauxi.o(.text) for __use_two_region_memory
    startup_stm32g474xx.o(RESET) refers to startup_stm32g474xx.o(STACK) for __initial_sp
    startup_stm32g474xx.o(RESET) refers to startup_stm32g474xx.o(.text) for Reset_Handler
    startup_stm32g474xx.o(RESET) refers to stm32g4xx_it.o(.text.NMI_Handler) for NMI_Handler
    startup_stm32g474xx.o(RESET) refers to stm32g4xx_it.o(.text.HardFault_Handler) for HardFault_Handler
    startup_stm32g474xx.o(RESET) refers to stm32g4xx_it.o(.text.MemManage_Handler) for MemManage_Handler
    startup_stm32g474xx.o(RESET) refers to stm32g4xx_it.o(.text.BusFault_Handler) for BusFault_Handler
    startup_stm32g474xx.o(RESET) refers to stm32g4xx_it.o(.text.UsageFault_Handler) for UsageFault_Handler
    startup_stm32g474xx.o(RESET) refers to stm32g4xx_it.o(.text.SVC_Handler) for SVC_Handler
    startup_stm32g474xx.o(RESET) refers to stm32g4xx_it.o(.text.DebugMon_Handler) for DebugMon_Handler
    startup_stm32g474xx.o(RESET) refers to stm32g4xx_it.o(.text.PendSV_Handler) for PendSV_Handler
    startup_stm32g474xx.o(RESET) refers to stm32g4xx_it.o(.text.SysTick_Handler) for SysTick_Handler
    startup_stm32g474xx.o(RESET) refers to stm32g4xx_it.o(.text.ADC1_2_IRQHandler) for ADC1_2_IRQHandler
    startup_stm32g474xx.o(RESET) refers to stm32g4xx_it.o(.text.USB_LP_IRQHandler) for USB_LP_IRQHandler
    startup_stm32g474xx.o(RESET) refers to stm32g4xx_it.o(.text.TIM1_UP_TIM16_IRQHandler) for TIM1_UP_TIM16_IRQHandler
    startup_stm32g474xx.o(RESET) refers to stm32g4xx_it.o(.text.TIM3_IRQHandler) for TIM3_IRQHandler
    startup_stm32g474xx.o(RESET) refers to stm32g4xx_it.o(.text.SPI1_IRQHandler) for SPI1_IRQHandler
    startup_stm32g474xx.o(.text) refers (Special) to heapauxi.o(.text) for __use_two_region_memory
    startup_stm32g474xx.o(.text) refers to system_stm32g4xx.o(.text.SystemInit) for SystemInit
    startup_stm32g474xx.o(.text) refers to __main.o(!!!main) for __main
    startup_stm32g474xx.o(.text) refers to startup_stm32g474xx.o(HEAP) for Heap_Mem
    startup_stm32g474xx.o(.text) refers to startup_stm32g474xx.o(STACK) for Stack_Mem
    main.o(.text.main) refers to stm32g4xx_hal.o(.text.HAL_Init) for HAL_Init
    main.o(.text.main) refers to main.o(.text.SystemClock_Config) for SystemClock_Config
    main.o(.text.main) refers to gpio.o(.text.MX_GPIO_Init) for MX_GPIO_Init
    main.o(.text.main) refers to tim.o(.text.MX_TIM3_Init) for MX_TIM3_Init
    main.o(.text.main) refers to usb_device.o(.text.MX_USB_Device_Init) for MX_USB_Device_Init
    main.o(.text.main) refers to tim.o(.text.MX_TIM1_Init) for MX_TIM1_Init
    main.o(.text.main) refers to adc.o(.text.MX_ADC1_Init) for MX_ADC1_Init
    main.o(.text.main) refers to spi.o(.text.MX_SPI1_Init) for MX_SPI1_Init
    main.o(.text.main) refers to tim.o(.bss.htim3) for htim3
    main.o(.text.main) refers to stm32g4xx_hal_tim.o(.text.HAL_TIM_Base_Start_IT) for HAL_TIM_Base_Start_IT
    main.o(.text.main) refers to key_app.o(.text.Key_Init) for Key_Init
    main.o(.text.main) refers to key_app.o(.text.Add_Key_demo) for Add_Key_demo
    main.o(.text.main) refers to tim.o(.bss.htim1) for htim1
    main.o(.text.main) refers to stm32g4xx_hal_tim.o(.text.HAL_TIM_PWM_Start) for HAL_TIM_PWM_Start
    main.o(.text.main) refers to stm32g4xx_hal_tim_ex.o(.text.HAL_TIMEx_PWMN_Start) for HAL_TIMEx_PWMN_Start
    main.o(.text.main) refers to adc.o(.bss.hadc1) for hadc1
    main.o(.text.main) refers to stm32g4xx_hal_adc_ex.o(.text.HAL_ADCEx_InjectedStart_IT) for HAL_ADCEx_InjectedStart_IT
    main.o(.text.main) refers to main.o(.text.ADC_Count_Caloffset) for ADC_Count_Caloffset
    main.o(.text.main) refers to mt6816.o(.text.MT6816_SPI_Signal_Init) for MT6816_SPI_Signal_Init
    main.o(.text.main) refers to main.o(.bss..L_MergedGlobals) for .L_MergedGlobals
    main.o(.text.main) refers to debug_printf.o(.text.my_printf) for my_printf
    main.o(.text.main) refers to vofa.o(.text.vofa_demo) for vofa_demo
    main.o(.text.main) refers to key_app.o(.text.handleButtonState) for handleButtonState
    main.o(.text.main) refers to key.o(.text.task_run_key) for task_run_key
    main.o(.ARM.exidx.text.main) refers to main.o(.text.main) for [Anonymous Symbol]
    main.o(.text.SystemClock_Config) refers to stm32g4xx_hal_pwr_ex.o(.text.HAL_PWREx_ControlVoltageScaling) for HAL_PWREx_ControlVoltageScaling
    main.o(.text.SystemClock_Config) refers to stm32g4xx_hal_rcc.o(.text.HAL_RCC_OscConfig) for HAL_RCC_OscConfig
    main.o(.text.SystemClock_Config) refers to main.o(.rodata.str1.1) for .L.str.11
[...]
    HAL_SPI_IRQHandler                       0x08004c89   Thumb Code   302  stm32g4xx_hal_spi.o(.text.HAL_SPI_IRQHandler)
    HAL_SPI_Init                             0x08004db9   Thumb Code   228  stm32g4xx_hal_spi.o(.text.HAL_SPI_Init)
    HAL_SPI_MspInit                          0x08004e9d   Thumb Code   130  spi.o(.text.HAL_SPI_MspInit)
    HAL_SYSTICK_Config                       0x08004f21   Thumb Code    44  stm32g4xx_hal_cortex.o(.text.HAL_SYSTICK_Config)
    HAL_TIMEx_Break2Callback                 0x08004f4d   Thumb Code     2  stm32g4xx_hal_tim_ex.o(.text.HAL_TIMEx_Break2Callback)
    HAL_TIMEx_BreakCallback                  0x08004f51   Thumb Code     2  stm32g4xx_hal_tim_ex.o(.text.HAL_TIMEx_BreakCallback)
    HAL_TIMEx_CommutCallback                 0x08004f55   Thumb Code     2  stm32g4xx_hal_tim_ex.o(.text.HAL_TIMEx_CommutCallback)
    HAL_TIMEx_ConfigBreakDeadTime            0x08004f59   Thumb Code   212  stm32g4xx_hal_tim_ex.o(.text.HAL_TIMEx_ConfigBreakDeadTime)
    HAL_TIMEx_ConfigBreakInput               0x0800502d   Thumb Code   284  stm32g4xx_hal_tim_ex.o(.text.HAL_TIMEx_ConfigBreakInput)
    HAL_TIMEx_DirectionChangeCallback        0x08005149   Thumb Code     2  stm32g4xx_hal_tim_ex.o(.text.HAL_TIMEx_DirectionChangeCallback)
    HAL_TIMEx_EncoderIndexCallback           0x0800514d   Thumb Code     2  stm32g4xx_hal_tim_ex.o(.text.HAL_TIMEx_EncoderIndexCallback)
    HAL_TIMEx_IndexErrorCallback             0x08005151   Thumb Code     2  stm32g4xx_hal_tim_ex.o(.text.HAL_TIMEx_IndexErrorCallback)
    HAL_TIMEx_MasterConfigSynchronization    0x08005155   Thumb Code   222  stm32g4xx_hal_tim_ex.o(.text.HAL_TIMEx_MasterConfigSynchronization)
    HAL_TIMEx_PWMN_Start                     0x08005235   Thumb Code   270  stm32g4xx_hal_tim_ex.o(.text.HAL_TIMEx_PWMN_Start)
    HAL_TIMEx_TransitionErrorCallback        0x08005345   Thumb Code     2  stm32g4xx_hal_tim_ex.o(.text.HAL_TIMEx_TransitionErrorCallback)
    HAL_TIM_Base_Init                        0x08005349   Thumb Code    98  stm32g4xx_hal_tim.o(.text.HAL_TIM_Base_Init)
    HAL_TIM_Base_MspInit                     0x080053ad   Thumb Code   184  tim.o(.text.HAL_TIM_Base_MspInit)
    HAL_TIM_Base_Start_IT                    0x08005465   Thumb Code   186  stm32g4xx_hal_tim.o(.text.HAL_TIM_Base_Start_IT)
    HAL_TIM_ConfigClockSource                0x08005521   Thumb Code   544  stm32g4xx_hal_tim.o(.text.HAL_TIM_ConfigClockSource)
    HAL_TIM_IC_CaptureCallback               0x08005741   Thumb Code     2  stm32g4xx_hal_tim.o(.text.HAL_TIM_IC_CaptureCallback)
    HAL_TIM_IRQHandler                       0x08005745   Thumb Code   460  stm32g4xx_hal_tim.o(.text.HAL_TIM_IRQHandler)
    HAL_TIM_MspPostInit                      0x08005911   Thumb Code   220  tim.o(.text.HAL_TIM_MspPostInit)
    HAL_TIM_OC_DelayElapsedCallback          0x080059ed   Thumb Code     2  stm32g4xx_hal_tim.o(.text.HAL_TIM_OC_DelayElapsedCallback)
    HAL_TIM_PWM_ConfigChannel                0x080059f1   Thumb Code  1020  stm32g4xx_hal_tim.o(.text.HAL_TIM_PWM_ConfigChannel)
    HAL_TIM_PWM_Init                         0x08005ded   Thumb Code    98  stm32g4xx_hal_tim.o(.text.HAL_TIM_PWM_Init)
    HAL_TIM_PWM_MspInit                      0x08005e51   Thumb Code     2  stm32g4xx_hal_tim.o(.text.HAL_TIM_PWM_MspInit)
    HAL_TIM_PWM_PulseFinishedCallback        0x08005e55   Thumb Code     2  stm32g4xx_hal_tim.o(.text.HAL_TIM_PWM_PulseFinishedCallback)
    HAL_TIM_PWM_Start                        0x08005e59   Thumb Code   386  stm32g4xx_hal_tim.o(.text.HAL_TIM_PWM_Start)
    HAL_TIM_PeriodElapsedCallback            0x08005fdd   Thumb Code    18  main.o(.text.HAL_TIM_PeriodElapsedCallback)
    HAL_TIM_TriggerCallback                  0x08005ff1   Thumb Code     2  stm32g4xx_hal_tim.o(.text.HAL_TIM_TriggerCallback)
    HardFault_Handler                        0x08005ff5   Thumb Code     2  stm32g4xx_it.o(.text.HardFault_Handler)
    KeyInfo_Init                             0x08005ff9   Thumb Code   114  key.o(.text.KeyInfo_Init)
    KeySP_key1                               0x0800606d   Thumb Code    14  key_app.o(.text.KeySP_key1)
    KeySP_key2                               0x0800607d   Thumb Code    14  key_app.o(.text.KeySP_key2)
    KeySP_key3                               0x0800608d   Thumb Code    14  key_app.o(.text.KeySP_key3)
    KeySP_key4                               0x0800609d   Thumb Code    14  key_app.o(.text.KeySP_key4)
    Key_Init                                 0x080060ad   Thumb Code     4  key_app.o(.text.Key_Init)
    MT6816_Get_AngleData                     0x080060b1   Thumb Code   202  mt6816.o(.text.MT6816_Get_AngleData)
    MT6816_SPI_Signal_Init                   0x0800617d   Thumb Code    30  mt6816.o(.text.MT6816_SPI_Signal_Init)
    MX_ADC1_Init                             0x0800619d   Thumb Code   308  adc.o(.text.MX_ADC1_Init)
    MX_GPIO_Init                             0x080062d1   Thumb Code   286  gpio.o(.text.MX_GPIO_Init)
    MX_SPI1_Init                             0x080063f1   Thumb Code    82  spi.o(.text.MX_SPI1_Init)
    MX_TIM1_Init                             0x08006445   Thumb Code   404  tim.o(.text.MX_TIM1_Init)
    MX_TIM3_Init                             0x080065d9   Thumb Code   120  tim.o(.text.MX_TIM3_Init)
    MX_USB_Device_Init                       0x08006651   Thumb Code   114  usb_device.o(.text.MX_USB_Device_Init)
    MemManage_Handler                        0x080066c5   Thumb Code     2  stm32g4xx_it.o(.text.MemManage_Handler)
    NMI_Handler                              0x080066c9   Thumb Code     2  stm32g4xx_it.o(.text.NMI_Handler)
    PendSV_Handler                           0x080066cd   Thumb Code     2  stm32g4xx_it.o(.text.PendSV_Handler)
    Read_RingStrEx                           0x080066d1   Thumb Code    90  ringbuff.o(.text.Read_RingStrEx)
    RingStr_Init                             0x0800672d   Thumb Code    10  ringbuff.o(.text.RingStr_Init)
    SPI1_IRQHandler                          0x08006739   Thumb Code    12  stm32g4xx_it.o(.text.SPI1_IRQHandler)
    SVC_Handler                              0x08006755   Thumb Code     2  stm32g4xx_it.o(.text.SVC_Handler)
    SysTick_Handler                          0x08006759   Thumb Code     4  stm32g4xx_it.o(.text.SysTick_Handler)
    SystemClock_Config                       0x0800675d   Thumb Code   132  main.o(.text.SystemClock_Config)
    SystemInit                               0x080067e1   Thumb Code    18  system_stm32g4xx.o(.text.SystemInit)
    TIM1_UP_TIM16_IRQHandler                 0x080067f5   Thumb Code    12  stm32g4xx_it.o(.text.TIM1_UP_TIM16_IRQHandler)
    TIM3_IRQHandler                          0x08006801   Thumb Code    12  stm32g4xx_it.o(.text.TIM3_IRQHandler)
    TIM_Base_SetConfig                       0x0800680d   Thumb Code   338  stm32g4xx_hal_tim.o(.text.TIM_Base_SetConfig)
    USBD_CDC_ConfigStrDescriptor             0x08006961   Thumb Code    24  usbd_desc.o(.text.USBD_CDC_ConfigStrDescriptor)
    USBD_CDC_DeviceDescriptor                0x08006a65   Thumb Code    14  usbd_desc.o(.text.USBD_CDC_DeviceDescriptor)
    USBD_CDC_GetDeviceQualifierDescriptor    0x08006aa5   Thumb Code    16  usbd_cdc.o(.text.USBD_CDC_GetDeviceQualifierDescriptor)
    USBD_CDC_InterfaceStrDescriptor          0x08006b7d   Thumb Code    24  usbd_desc.o(.text.USBD_CDC_InterfaceStrDescriptor)
    USBD_CDC_LangIDStrDescriptor             0x08006ba5   Thumb Code    14  usbd_desc.o(.text.USBD_CDC_LangIDStrDescriptor)
    USBD_CDC_ManufacturerStrDescriptor       0x08006bb5   Thumb Code    24  usbd_desc.o(.text.USBD_CDC_ManufacturerStrDescriptor)
    USBD_CDC_ProductStrDescriptor            0x08006be1   Thumb Code    24  usbd_desc.o(.text.USBD_CDC_ProductStrDescriptor)
    USBD_CDC_ReceivePacket                   0x08006c11   Thumb Code    44  usbd_cdc.o(.text.USBD_CDC_ReceivePacket)
    USBD_CDC_RegisterInterface               0x08006c3d   Thumb Code    14  usbd_cdc.o(.text.USBD_CDC_RegisterInterface)
    USBD_CDC_SerialStrDescriptor             0x08006c4d   Thumb Code   368  usbd_desc.o(.text.USBD_CDC_SerialStrDescriptor)
    USBD_CDC_SetRxBuffer                     0x08006dbd   Thumb Code    18  usbd_cdc.o(.text.USBD_CDC_SetRxBuffer)
    USBD_CDC_SetTxBuffer                     0x08006dd1   Thumb Code    22  usbd_cdc.o(.text.USBD_CDC_SetTxBuffer)
    USBD_CDC_TransmitPacket                  0x08006ec1   Thumb Code    60  usbd_cdc.o(.text.USBD_CDC_TransmitPacket)
    USBD_ClrClassConfig                      0x08006efd   Thumb Code    20  usbd_core.o(.text.USBD_ClrClassConfig)
    USBD_CtlContinueRx                       0x08006f11   Thumb Code    16  usbd_ioreq.o(.text.USBD_CtlContinueRx)
    USBD_CtlContinueSendData                 0x08006f21   Thumb Code    16  usbd_ioreq.o(.text.USBD_CtlContinueSendData)
    USBD_CtlError                            0x08006f31   Thumb Code    22  usbd_ctlreq.o(.text.USBD_CtlError)
    USBD_CtlPrepareRx                        0x08006f49   Thumb Code    26  usbd_ioreq.o(.text.USBD_CtlPrepareRx)
    USBD_CtlReceiveStatus                    0x08006f65   Thumb Code    22  usbd_ioreq.o(.text.USBD_CtlReceiveStatus)
    USBD_CtlSendData                         0x08006f7d   Thumb Code    26  usbd_ioreq.o(.text.USBD_CtlSendData)
    USBD_CtlSendStatus                       0x08006f99   Thumb Code    22  usbd_ioreq.o(.text.USBD_CtlSendStatus)
    USBD_GetString                           0x08006fb1   Thumb Code   218  usbd_ctlreq.o(.text.USBD_GetString)
    USBD_Init                                0x0800708d   Thumb Code    42  usbd_core.o(.text.USBD_Init)
    USBD_LL_ClearStallEP                     0x080070b9   Thumb Code    34  usbd_conf.o(.text.USBD_LL_ClearStallEP)
    USBD_LL_CloseEP                          0x080070dd   Thumb Code    34  usbd_conf.o(.text.USBD_LL_CloseEP)
    USBD_LL_DataInStage                      0x08007101   Thumb Code   168  usbd_core.o(.text.USBD_LL_DataInStage)
    USBD_LL_DataOutStage                     0x080071a9   Thumb Code   102  usbd_core.o(.text.USBD_LL_DataOutStage)
    USBD_LL_GetRxDataSize                    0x08007211   Thumb Code     8  usbd_conf.o(.text.USBD_LL_GetRxDataSize)
    USBD_LL_Init                             0x08007219   Thumb Code   134  usbd_conf.o(.text.USBD_LL_Init)
    USBD_LL_IsStallEP                        0x080072a1   Thumb Code    42  usbd_conf.o(.text.USBD_LL_IsStallEP)
    USBD_LL_OpenEP                           0x080072cd   Thumb Code    40  usbd_conf.o(.text.USBD_LL_OpenEP)
    USBD_LL_PrepareReceive                   0x080072f5   Thumb Code    34  usbd_conf.o(.text.USBD_LL_PrepareReceive)
    USBD_LL_Reset                            0x08007319   Thumb Code   104  usbd_core.o(.text.USBD_LL_Reset)
    USBD_LL_Resume                           0x08007381   Thumb Code    20  usbd_core.o(.text.USBD_LL_Resume)
    USBD_LL_SOF                              0x08007395   Thumb Code    36  usbd_core.o(.text.USBD_LL_SOF)
    USBD_LL_SetSpeed                         0x080073b9   Thumb Code     8  usbd_core.o(.text.USBD_LL_SetSpeed)
    USBD_LL_SetUSBAddress                    0x080073c1   Thumb Code    34  usbd_conf.o(.text.USBD_LL_SetUSBAddress)
    USBD_LL_SetupStage                       0x080073e5   Thumb Code    98  usbd_core.o(.text.USBD_LL_SetupStage)
    USBD_LL_StallEP                          0x08007449   Thumb Code    34  usbd_conf.o(.text.USBD_LL_StallEP)
    USBD_LL_Start                            0x0800746d   Thumb Code    34  usbd_conf.o(.text.USBD_LL_Start)
    USBD_LL_Suspend                          0x08007491   Thumb Code    20  usbd_core.o(.text.USBD_LL_Suspend)
    USBD_LL_Transmit                         0x080074a5   Thumb Code    34  usbd_conf.o(.text.USBD_LL_Transmit)
    USBD_ParseSetupRequest                   0x080074c9   Thumb Code    22  usbd_ctlreq.o(.text.USBD_ParseSetupRequest)
    USBD_RegisterClass                       0x080074e1   Thumb Code    46  usbd_core.o(.text.USBD_RegisterClass)
    USBD_SetClassConfig                      0x08007511   Thumb Code    16  usbd_core.o(.text.USBD_SetClassConfig)
    USBD_Start                               0x08007521   Thumb Code     4  usbd_core.o(.text.USBD_Start)
    USBD_StdDevReq                           0x08007525   Thumb Code   884  usbd_ctlreq.o(.text.USBD_StdDevReq)
    USBD_StdEPReq                            0x08007899   Thumb Code   324  usbd_ctlreq.o(.text.USBD_StdEPReq)
    USBD_StdItfReq                           0x080079dd   Thumb Code    98  usbd_ctlreq.o(.text.USBD_StdItfReq)
    USBD_static_free                         0x08007a41   Thumb Code     2  usbd_conf.o(.text.USBD_static_free)
    USBD_static_malloc                       0x08007a45   Thumb Code    10  usbd_conf.o(.text.USBD_static_malloc)
    USB_ActivateEndpoint                     0x08007a51   Thumb Code   634  stm32g4xx_ll_usb.o(.text.USB_ActivateEndpoint)
    USB_DeactivateEndpoint                   0x08007ccd   Thumb Code   226  stm32g4xx_ll_usb.o(.text.USB_DeactivateEndpoint)
    USB_DevConnect                           0x08007db1   Thumb Code    18  stm32g4xx_ll_usb.o(.text.USB_DevConnect)
    USB_DevInit                              0x08007dc5   Thumb Code    26  stm32g4xx_ll_usb.o(.text.USB_DevInit)
    USB_DisableGlobalInt                     0x08007de1   Thumb Code    20  stm32g4xx_ll_usb.o(.text.USB_DisableGlobalInt)
    USB_EPClearStall                         0x08007df5   Thumb Code   124  stm32g4xx_ll_usb.o(.text.USB_EPClearStall)
    USB_EPSetStall                           0x08007e71   Thumb Code    50  stm32g4xx_ll_usb.o(.text.USB_EPSetStall)
    USB_EPStartXfer                          0x08007ea5   Thumb Code  2138  stm32g4xx_ll_usb.o(.text.USB_EPStartXfer)
    USB_EnableGlobalInt                      0x08008701   Thumb Code    18  stm32g4xx_ll_usb.o(.text.USB_EnableGlobalInt)
    USB_LP_IRQHandler                        0x08008715   Thumb Code    12  stm32g4xx_it.o(.text.USB_LP_IRQHandler)
    USB_ReadInterrupts                       0x08008721   Thumb Code     6  stm32g4xx_ll_usb.o(.text.USB_ReadInterrupts)
    USB_ReadPMA                              0x08008729   Thumb Code   156  stm32g4xx_ll_usb.o(.text.USB_ReadPMA)
    USB_SetDevAddress                        0x080087c5   Thumb Code    14  stm32g4xx_ll_usb.o(.text.USB_SetDevAddress)
    USB_WritePMA                             0x080087d5   Thumb Code   150  stm32g4xx_ll_usb.o(.text.USB_WritePMA)
    UsageFault_Handler                       0x0800886d   Thumb Code     2  stm32g4xx_it.o(.text.UsageFault_Handler)
    VF_RUN                                   0x08008871   Thumb Code   188  foc.o(.text.VF_RUN)
    Write_RingStr                            0x08008935   Thumb Code    78  ringbuff.o(.text.Write_RingStr)
    anti_park_transf                         0x08008985   Thumb Code    74  trans.o(.text.anti_park_transf)
    clark_transf                             0x080089d1   Thumb Code    92  trans.o(.text.clark_transf)
    handleButtonState                        0x08008a31   Thumb Code    96  key_app.o(.text.handleButtonState)
    keyLP_key1                               0x08008ab1   Thumb Code    14  key_app.o(.text.keyLP_key1)
    keyLP_key2                               0x08008ac1   Thumb Code    14  key_app.o(.text.keyLP_key2)
    keyLP_key3                               0x08008ad1   Thumb Code    14  key_app.o(.text.keyLP_key3)
    keyLP_key4                               0x08008ae1   Thumb Code    14  key_app.o(.text.keyLP_key4)
    main                                     0x08008af1   Thumb Code   180  main.o(.text.main)
    my_printf                                0x08008bb5   Thumb Code    62  debug_printf.o(.text.my_printf)
    park_transf                              0x08008bf5   Thumb Code    74  trans.o(.text.park_transf)
    sin_cos_val                              0x08008c41   Thumb Code    36  trans.o(.text.sin_cos_val)
    svpwm_calc                               0x08008c65   Thumb Code   836  trans.o(.text.svpwm_calc)
    task_listen_key                          0x08008fb9   Thumb Code  1410  key.o(.text.task_listen_key)
    task_run_key                             0x0800953d   Thumb Code   142  key.o(.text.task_run_key)
    tran_angle                               0x080095cd   Thumb Code    40  trans.o(.text.tran_angle)
    vofa_demo                                0x080095fd   Thumb Code   582  vofa.o(.text.vofa_demo)
    _btod_d2e                                0x08009843   Thumb Code    62  btod.o(CL$$btod_d2e)
    _d2e_denorm_low                          0x08009881   Thumb Code    70  btod.o(CL$$btod_d2e_denorm_low)
    _d2e_norm_op1                            0x080098c7   Thumb Code    96  btod.o(CL$$btod_d2e_norm_op1)
    __btod_div_common                        0x08009929   Thumb Code   696  btod.o(CL$$btod_div_common)
    _e2e                                     0x08009c61   Thumb Code   220  btod.o(CL$$btod_e2e)
    _btod_ediv                               0x08009d3d   Thumb Code    42  btod.o(CL$$btod_ediv)
    _btod_emul                               0x08009d67   Thumb Code    42  btod.o(CL$$btod_emul)
    __btod_mult_common                       0x08009d91   Thumb Code   580  btod.o(CL$$btod_mult_common)
    __ARM_fpclassify                         0x08009fd5   Thumb Code    48  fpclassify.o(i.__ARM_fpclassify)
    __ARM_fpclassifyf                        0x0800a005   Thumb Code    38  fpclassifyf.o(i.__ARM_fpclassifyf)
    __hardfp_cosf                            0x0800a02d   Thumb Code   280  cosf.o(i.__hardfp_cosf)
    __hardfp_sinf                            0x0800a17d   Thumb Code   344  sinf.o(i.__hardfp_sinf)
    __mathlib_flt_infnan                     0x0800a30d   Thumb Code     6  funder.o(i.__mathlib_flt_infnan)
    __mathlib_flt_invalid                    0x0800a315   Thumb Code    10  funder.o(i.__mathlib_flt_invalid)
    __mathlib_flt_underflow                  0x0800a325   Thumb Code    10  funder.o(i.__mathlib_flt_underflow)
    __mathlib_rredf2                         0x0800a335   Thumb Code   316  rredf.o(i.__mathlib_rredf2)
    _is_digit                                0x0800a489   Thumb Code    14  __printf_wp.o(i._is_digit)
    _get_lc_numeric                          0x0800a499   Thumb Code    44  lc_numeric_c.o(locale$$code)
    _get_lc_ctype                            0x0800a4c5   Thumb Code    44  lc_ctype_c.o(locale$$code)
    __fpl_dretinf                            0x0800a4f1   Thumb Code    12  dretinf.o(x$fpl$dretinf)
    __aeabi_f2d                              0x0800a4fd   Thumb Code     0  f2d.o(x$fpl$f2d)
    _f2d                                     0x0800a4fd   Thumb Code    86  f2d.o(x$fpl$f2d)
    __fpl_fnaninf                            0x0800a553   Thumb Code   140  fnaninf.o(x$fpl$fnaninf)
    _fp_init                                 0x0800a5df   Thumb Code    26  fpinit.o(x$fpl$fpinit)
    __fplib_config_fpu_vfp                   0x0800a5f7   Thumb Code     0  fpinit.o(x$fpl$fpinit)
    __fplib_config_pureend_doubles           0x0800a5f7   Thumb Code     0  fpinit.o(x$fpl$fpinit)
    _printf_fp_dec                           0x0800a5f9   Thumb Code     4  printf1.o(x$fpl$printf1)
    _printf_fp_hex                           0x0800a5fd   Thumb Code     4  printf2.o(x$fpl$printf2)
    __I$use$fp                               0x0800a600   Number         0  usenofp.o(x$fpl$usenofp)
    AHBPrescTable                            0x0800a72e   Data          16  system_stm32g4xx.o(.rodata.AHBPrescTable)
    Region$$Table$$Base                      0x0800a804   Number         0  anon$$obj.o(Region$$Table)
    Region$$Table$$Limit                     0x0800a824   Number         0  anon$$obj.o(Region$$Table)
    __ctype                                  0x0800a84d   Data           0  lc_ctype_c.o(locale$$data)
    uwTickPrio                               0x20000000   Data           4  stm32g4xx_hal.o(.data..L_MergedGlobals)
    uwTickFreq                               0x20000004   Data           4  stm32g4xx_hal.o(.data..L_MergedGlobals)
    CDC_Desc                                 0x20000008   Data          32  usbd_desc.o(.data.CDC_Desc)
    SystemCoreClock                          0x20000028   Data           4  system_stm32g4xx.o(.data.SystemCoreClock)
    USBD_CDC                                 0x2000002c   Data          56  usbd_cdc.o(.data.USBD_CDC)
    USBD_CDC_DeviceDesc                      0x200000ec   Data          18  usbd_desc.o(.data.USBD_CDC_DeviceDesc)
    USBD_Interface_fops_FS                   0x20000150   Data          20  usbd_cdc_if.o(.data.USBD_Interface_fops_FS)
    USBD_LangIDDesc                          0x20000164   Data           4  usbd_desc.o(.data.USBD_LangIDDesc)
    USBD_StringSerial                        0x20000168   Data          26  usbd_desc.o(.data.USBD_StringSerial)
    buttonStateStrings                       0x20000184   Data          36  main.o(.data.buttonStateStrings)
    __libspace_start                         0x200001a8   Data          96  libspace.o(.bss)
    Ia_raw                                   0x20000208   Data           2  main.o(.bss..L_MergedGlobals)
    __temporary_stack_top$libspace           0x20000208   Data           0  libspace.o(.bss)
    Ib_raw                                   0x2000020a   Data           2  main.o(.bss..L_MergedGlobals)
    Ic_raw                                   0x2000020c   Data           2  main.o(.bss..L_MergedGlobals)
    a                                        0x2000020e   Data           2  main.o(.bss..L_MergedGlobals)
    b                                        0x20000210   Data           2  main.o(.bss..L_MergedGlobals)
    c                                        0x20000212   Data           2  main.o(.bss..L_MergedGlobals)
    foc_start_flag                           0x20000214   Data           4  main.o(.bss..L_MergedGlobals)
    Ia_offset                                0x20000218   Data           4  main.o(.bss..L_MergedGlobals)
    Ib_offset                                0x2000021c   Data           4  main.o(.bss..L_MergedGlobals)
    Ic_offset                                0x20000220   Data           4  main.o(.bss..L_MergedGlobals)
    adc1_current                             0x20000224   Data           4  main.o(.bss..L_MergedGlobals)
    adc2_current                             0x20000228   Data           4  main.o(.bss..L_MergedGlobals)
    adc3_current                             0x2000022c   Data           4  main.o(.bss..L_MergedGlobals)
    mt6816_angle                             0x20000230   Data           4  main.o(.bss..L_MergedGlobals)
    theta_angle                              0x20000284   Data           4  trans.o(.bss..L_MergedGlobals)
    theta_hudu                               0x20000288   Data           4  trans.o(.bss..L_MergedGlobals)
    sin_val                                  0x2000028c   Data           4  trans.o(.bss..L_MergedGlobals)
    cos_val                                  0x20000290   Data           4  trans.o(.bss..L_MergedGlobals)
    Ialpha                                   0x20000294   Data           4  trans.o(.bss..L_MergedGlobals)
    Ibeta                                    0x20000298   Data           4  trans.o(.bss..L_MergedGlobals)
    Iq                                       0x2000029c   Data           4  trans.o(.bss..L_MergedGlobals)
    Id                                       0x200002a0   Data           4  trans.o(.bss..L_MergedGlobals)
    Vd                                       0x200002a4   Data           4  trans.o(.bss..L_MergedGlobals)
    Vq                                       0x200002a8   Data           4  trans.o(.bss..L_MergedGlobals)
    Valpha                                   0x200002ac   Data           4  trans.o(.bss..L_MergedGlobals)
    Vbeta                                    0x200002b0   Data           4  trans.o(.bss..L_MergedGlobals)
    Ia                                       0x200002b4   Data           4  trans.o(.bss..L_MergedGlobals)
    Ib                                       0x200002b8   Data           4  trans.o(.bss..L_MergedGlobals)
    Ic                                       0x200002bc   Data           4  trans.o(.bss..L_MergedGlobals)
    Udc_temp                                 0x200002c0   Data           4  trans.o(.bss..L_MergedGlobals)
    Tpwm_temp                                0x200002c4   Data           4  trans.o(.bss..L_MergedGlobals)
    Tcmp1                                    0x200002c8   Data           4  trans.o(.bss..L_MergedGlobals)
    Tcmp2                                    0x200002cc   Data           4  trans.o(.bss..L_MergedGlobals)
    Tcmp3                                    0x200002d0   Data           4  trans.o(.bss..L_MergedGlobals)
    mt6816_spi                               0x200002d4   Data           6  mt6816.o(.bss..L_MergedGlobals)
    mt6816                                   0x200002da   Data           6  mt6816.o(.bss..L_MergedGlobals)
    USBD_StrDesc                             0x200006e8   Data         512  usbd_desc.o(.bss.USBD_StrDesc)
    UserRxBufferFS                           0x20000b08   Data        2048  usbd_cdc_if.o(.bss.UserRxBufferFS)
    UserTxBufferFS                           0x20001308   Data        2048  usbd_cdc_if.o(.bss.UserTxBufferFS)
    button                                   0x20001b08   Data           1  main.o(.bss.button)
    ch1                                      0x20001b0c   Data           4  main.o(.bss.ch1)
    ch2                                      0x20001b10   Data           4  main.o(.bss.ch2)
    ch3                                      0x20001b14   Data           4  main.o(.bss.ch3)
    cnt                                      0x20001b18   Data           2  vofa.o(.bss.cnt)
    hUsbDeviceFS                             0x20001b1c   Data         720  usb_device.o(.bss.hUsbDeviceFS)
    hadc1                                    0x20001dec   Data         108  adc.o(.bss.hadc1)
    hpcd_USB_FS                              0x20001e5c   Data         732  usbd_conf.o(.bss.hpcd_USB_FS)
    hspi1                                    0x20002138   Data         100  spi.o(.bss.hspi1)
    htim1                                    0x2000219c   Data          76  tim.o(.bss.htim1)
    htim3                                    0x200021e8   Data          76  tim.o(.bss.htim3)
    self_angle                               0x20002298   Data           4  foc.o(.bss.self_angle)
    send_buf                                 0x2000229c   Data        1024  vofa.o(.bss.send_buf)
    uwTick                                   0x2000269c   Data           4  stm32g4xx_hal.o(.bss.uwTick)



==============================================================================

Memory Map of the image

  Image Entry point : 0x080001d9

  Load Region LR_IROM1 (Base: 0x08000000, Size: 0x0000aaf8, Max: 0x00080000, ABSOLUTE, COMPRESSED[0x0000aa30])

    Execution Region ER_IROM1 (Exec base: 0x08000000, Load base: 0x08000000, Size: 0x0000a950, Max: 0x00080000, ABSOLUTE)

    Exec Addr    Load Addr    Size         Type   Attr      Idx    E Section Name        Object

    0x08000000   0x08000000   0x000001d8   Data   RO            3    RESET               startup_stm32g474xx.o
    0x080001d8   0x080001d8   0x00000008   Code   RO         1895  * !!!main             c_w.l(__main.o)
    0x080001e0   0x080001e0   0x0000005c   Code   RO         2280    !!!scatter          c_w.l(__scatter.o)
    0x0800023c   0x0800023c   0x0000005a   Code   RO         2278    !!dczerorl2         c_w.l(__dczerorl2.o)
    0x08000296   0x08000296   0x00000002   PAD
    0x08000298   0x08000298   0x00000002   Code   RO         2281    !!handler_null      c_w.l(__scatter.o)
    0x0800029a   0x0800029a   0x00000002   PAD
    0x0800029c   0x0800029c   0x0000001c   Code   RO         2284    !!handler_zi        c_w.l(__scatter_zi.o)
    0x080002b8   0x080002b8   0x00000000   Code   RO         1995    .ARM.Collect$$_printf_percent$$00000000  c_w.l(_printf_percent.o)
    0x080002b8   0x080002b8   0x00000006   Code   RO         1984    .ARM.Collect$$_printf_percent$$00000001  c_w.l(_printf_n.o)
    0x080002be   0x080002be   0x00000006   Code   RO         1986    .ARM.Collect$$_printf_percent$$00000002  c_w.l(_printf_p.o)
    0x080002c4   0x080002c4   0x00000006   Code   RO         1991    .ARM.Collect$$_printf_percent$$00000003  c_w.l(_printf_f.o)
    0x080002ca   0x080002ca   0x00000006   Code   RO         1992    .ARM.Collect$$_printf_percent$$00000004  c_w.l(_printf_e.o)
    0x080002d0   0x080002d0   0x00000006   Code   RO         1993    .ARM.Collect$$_printf_percent$$00000005  c_w.l(_printf_g.o)
    0x080002d6   0x080002d6   0x00000006   Code   RO         1994    .ARM.Collect$$_printf_percent$$00000006  c_w.l(_printf_a.o)
    0x080002dc   0x080002dc   0x0000000a   Code   RO         1999    .ARM.Collect$$_printf_percent$$00000007  c_w.l(_printf_ll.o)
    0x080002e6   0x080002e6   0x00000006   Code   RO         1988    .ARM.Collect$$_printf_percent$$00000008  c_w.l(_printf_i.o)
    0x080002ec   0x080002ec   0x00000006   Code   RO         1989    .ARM.Collect$$_printf_percent$$00000009  c_w.l(_printf_d.o)
    0x080002f2   0x080002f2   0x00000006   Code   RO         1990    .ARM.Collect$$_printf_percent$$0000000A  c_w.l(_printf_u.o)
    0x080002f8   0x080002f8   0x00000006   Code   RO         1987    .ARM.Collect$$_printf_percent$$0000000B  c_w.l(_printf_o.o)
    0x080002fe   0x080002fe   0x00000006   Code   RO         1985    .ARM.Collect$$_printf_percent$$0000000C  c_w.l(_printf_x.o)
    0x08000304   0x08000304   0x00000006   Code   RO         1996    .ARM.Collect$$_printf_percent$$0000000D  c_w.l(_printf_lli.o)
    0x0800030a   0x0800030a   0x00000006   Code   RO         1997    .ARM.Collect$$_printf_percent$$0000000E  c_w.l(_printf_lld.o)
    0x08000310   0x08000310   0x00000006   Code   RO         1998    .ARM.Collect$$_printf_percent$$0000000F  c_w.l(_printf_llu.o)
    0x08000316   0x08000316   0x00000006   Code   RO         2003    .ARM.Collect$$_printf_percent$$00000010  c_w.l(_printf_llo.o)
    0x0800031c   0x0800031c   0x00000006   Code   RO         2004    .ARM.Collect$$_printf_percent$$00000011  c_w.l(_printf_llx.o)
    0x08000322   0x08000322   0x0000000a   Code   RO         2000    .ARM.Collect$$_printf_percent$$00000012  c_w.l(_printf_l.o)
    0x0800032c   0x0800032c   0x00000006   Code   RO         1982    .ARM.Collect$$_printf_percent$$00000013  c_w.l(_printf_c.o)
    0x08000332   0x08000332   0x00000006   Code   RO         1983    .ARM.Collect$$_printf_percent$$00000014  c_w.l(_printf_s.o)
    0x08000338   0x08000338   0x00000006   Code   RO         2001    .ARM.Collect$$_printf_percent$$00000015  c_w.l(_printf_lc.o)
    0x0800033e   0x0800033e   0x00000006   Code   RO         2002    .ARM.Collect$$_printf_percent$$00000016  c_w.l(_printf_ls.o)
    0x08000344   0x08000344   0x00000004   Code   RO         2076    .ARM.Collect$$_printf_percent$$00000017  c_w.l(_printf_percent_end.o)
    0x08000348   0x08000348   0x00000002   Code   RO         2130    .ARM.Collect$$libinit$$00000000  c_w.l(libinit.o)
    0x0800034a   0x0800034a   0x00000004   Code   RO         2144    .ARM.Collect$$libinit$$00000001  c_w.l(libinit2.o)
    0x0800034e   0x0800034e   0x00000000   Code   RO         2147    .ARM.Collect$$libinit$$00000004  c_w.l(libinit2.o)
    0x0800034e   0x0800034e   0x00000000   Code   RO         2149    .ARM.Collect$$libinit$$00000006  c_w.l(libinit2.o)
    0x0800034e   0x0800034e   0x00000000   Code   RO         2152    .ARM.Collect$$libinit$$0000000C  c_w.l(libinit2.o)
    0x0800034e   0x0800034e   0x00000000   Code   RO         2154    .ARM.Collect$$libinit$$0000000E  c_w.l(libinit2.o)
    0x0800034e   0x0800034e   0x00000000   Code   RO         2156    .ARM.Collect$$libinit$$00000010  c_w.l(libinit2.o)
    0x0800034e   0x0800034e   0x00000006   Code   RO         2157    .ARM.Collect$$libinit$$00000011  c_w.l(libinit2.o)
    0x08000354   0x08000354   0x00000000   Code   RO         2159    .ARM.Collect$$libinit$$00000013  c_w.l(libinit2.o)
    0x08000354   0x08000354   0x0000000c   Code   RO         2160    .ARM.Collect$$libinit$$00000014  c_w.l(libinit2.o)
    0x08000360   0x08000360   0x00000000   Code   RO         2161    .ARM.Collect$$libinit$$00000015  c_w.l(libinit2.o)
    0x08000360   0x08000360   0x00000000   Code   RO         2163    .ARM.Collect$$libinit$$00000017  c_w.l(libinit2.o)
    0x08000360   0x08000360   0x0000000a   Code   RO         2164    .ARM.Collect$$libinit$$00000018  c_w.l(libinit2.o)
    0x0800036a   0x0800036a   0x00000000   Code   RO         2165    .ARM.Collect$$libinit$$00000019  c_w.l(libinit2.o)
    0x0800036a   0x0800036a   0x00000000   Code   RO         2167    .ARM.Collect$$libinit$$0000001B  c_w.l(libinit2.o)
    0x0800036a   0x0800036a   0x00000000   Code   RO         2169    .ARM.Collect$$libinit$$0000001D  c_w.l(libinit2.o)
    0x0800036a   0x0800036a   0x00000000   Code   RO         2171    .ARM.Collect$$libinit$$0000001F  c_w.l(libinit2.o)
    0x0800036a   0x0800036a   0x00000000   Code   RO         2173    .ARM.Collect$$libinit$$00000021  c_w.l(libinit2.o)
    0x0800036a   0x0800036a   0x00000000   Code   RO         2175    .ARM.Collect$$libinit$$00000023  c_w.l(libinit2.o)
    0x0800036a   0x0800036a   0x00000000   Code   RO         2177    .ARM.Collect$$libinit$$00000025  c_w.l(libinit2.o)
    0x0800036a   0x0800036a   0x00000000   Code   RO         2179    .ARM.Collect$$libinit$$00000027  c_w.l(libinit2.o)
    0x0800036a   0x0800036a   0x00000000   Code   RO         2183    .ARM.Collect$$libinit$$0000002E  c_w.l(libinit2.o)
    0x0800036a   0x0800036a   0x00000000   Code   RO         2185    .ARM.Collect$$libinit$$00000030  c_w.l(libinit2.o)
    0x0800036a   0x0800036a   0x00000000   Code   RO         2187    .ARM.Collect$$libinit$$00000032  c_w.l(libinit2.o)
    0x0800036a   0x0800036a   0x00000000   Code   RO         2189    .ARM.Collect$$libinit$$00000034  c_w.l(libinit2.o)
    0x0800036a   0x0800036a   0x00000002   Code   RO         2190    .ARM.Collect$$libinit$$00000035  c_w.l(libinit2.o)
    0x0800036c   0x0800036c   0x00000002   Code   RO         2214    .ARM.Collect$$libshutdown$$00000000  c_w.l(libshutdown.o)
    0x0800036e   0x0800036e   0x00000000   Code   RO         2229    .ARM.Collect$$libshutdown$$00000002  c_w.l(libshutdown2.o)
    0x0800036e   0x0800036e   0x00000000   Code   RO         2231    .ARM.Collect$$libshutdown$$00000004  c_w.l(libshutdown2.o)
    0x0800036e   0x0800036e   0x00000000   Code   RO         2234    .ARM.Collect$$libshutdown$$00000007  c_w.l(libshutdown2.o)
    0x0800036e   0x0800036e   0x00000000   Code   RO         2237    .ARM.Collect$$libshutdown$$0000000A  c_w.l(libshutdown2.o)
    0x0800036e   0x0800036e   0x00000000   Code   RO         2239    .ARM.Collect$$libshutdown$$0000000C  c_w.l(libshutdown2.o)
    0x0800036e   0x0800036e   0x00000000   Code   RO         2242    .ARM.Collect$$libshutdown$$0000000F  c_w.l(libshutdown2.o)
    0x0800036e   0x0800036e   0x00000002   Code   RO         2243    .ARM.Collect$$libshutdown$$00000010  c_w.l(libshutdown2.o)
    0x08000370   0x08000370   0x00000000   Code   RO         1911    .ARM.Collect$$rtentry$$00000000  c_w.l(__rtentry.o)
    0x08000370   0x08000370   0x00000000   Code   RO         2040    .ARM.Collect$$rtentry$$00000002  c_w.l(__rtentry2.o)
    0x08000370   0x08000370   0x00000006   Code   RO         2052    .ARM.Collect$$rtentry$$00000004  c_w.l(__rtentry4.o)
    0x08000376   0x08000376   0x00000000   Code   RO         2042    .ARM.Collect$$rtentry$$00000009  c_w.l(__rtentry2.o)
    0x08000376   0x08000376   0x00000004   Code   RO         2043    .ARM.Collect$$rtentry$$0000000A  c_w.l(__rtentry2.o)
    0x0800037a   0x0800037a   0x00000000   Code   RO         2045    .ARM.Collect$$rtentry$$0000000C  c_w.l(__rtentry2.o)
    0x0800037a   0x0800037a   0x00000008   Code   RO         2046    .ARM.Collect$$rtentry$$0000000D  c_w.l(__rtentry2.o)
    0x08000382   0x08000382   0x00000002   Code   RO         2135    .ARM.Collect$$rtexit$$00000000  c_w.l(rtexit.o)
    0x08000384   0x08000384   0x00000000   Code   RO         2192    .ARM.Collect$$rtexit$$00000002  c_w.l(rtexit2.o)
    0x08000384   0x08000384   0x00000004   Code   RO         2193    .ARM.Collect$$rtexit$$00000003  c_w.l(rtexit2.o)
    0x08000388   0x08000388   0x00000006   Code   RO         2194    .ARM.Collect$$rtexit$$00000004  c_w.l(rtexit2.o)
    0x0800038e   0x0800038e   0x00000002   PAD
    0x08000390   0x08000390   0x00000040   Code   RO            4    .text               startup_stm32g474xx.o
    0x080003d0   0x080003d0   0x0000003c   Code   RO         1885    .text               c_w.l(vsnprintf.o)
    0x0800040c   0x0800040c   0x0000008a   Code   RO         1887    .text               c_w.l(rt_memcpy_v6.o)
    0x08000496   0x08000496   0x00000044   Code   RO         1889    .text               c_w.l(rt_memclr.o)
    0x080004da   0x080004da   0x0000004e   Code   RO         1891    .text               c_w.l(rt_memclr_w.o)
    0x08000528   0x08000528   0x00000006   Code   RO         1893    .text               c_w.l(heapauxi.o)
    0x0800052e   0x0800052e   0x00000016   Code   RO         1912    .text               c_w.l(_rserrno.o)
    0x08000544   0x08000544   0x0000004e   Code   RO         1916    .text               c_w.l(_printf_pad.o)
    0x08000592   0x08000592   0x00000024   Code   RO         1918    .text               c_w.l(_printf_truncate.o)
    0x080005b6   0x080005b6   0x00000052   Code   RO         1920    .text               c_w.l(_printf_str.o)
    0x08000608   0x08000608   0x00000078   Code   RO         1922    .text               c_w.l(_printf_dec.o)
    0x08000680   0x08000680   0x00000028   Code   RO         1924    .text               c_w.l(_printf_charcount.o)
    0x080006a8   0x080006a8   0x00000030   Code   RO         1926    .text               c_w.l(_printf_char_common.o)
    0x080006d8   0x080006d8   0x00000010   Code   RO         1928    .text               c_w.l(_snputc.o)
    0x080006e8   0x080006e8   0x000000bc   Code   RO         1930    .text               c_w.l(_printf_wctomb.o)
    0x080007a4   0x080007a4   0x0000007c   Code   RO         1933    .text               c_w.l(_printf_longlong_dec.o)
    0x08000820   0x08000820   0x00000070   Code   RO         1939    .text               c_w.l(_printf_oct_int_ll.o)
    0x08000890   0x08000890   0x00000094   Code   RO         1959    .text               c_w.l(_printf_hex_int_ll_ptr.o)
    0x08000924   0x08000924   0x00000188   Code   RO         1979    .text               c_w.l(__printf_flags_ss_wp.o)
    0x08000aac   0x08000aac   0x00000064   Code   RO         2005    .text               c_w.l(rt_memcpy_w.o)
    0x08000b10   0x08000b10   0x00000008   Code   RO         2057    .text               c_w.l(rt_errno_addr_intlibspace.o)
    0x08000b18   0x08000b18   0x0000008a   Code   RO         2059    .text               c_w.l(lludiv10.o)
    0x08000ba2   0x08000ba2   0x000000b2   Code   RO         2061    .text               c_w.l(_printf_intcommon.o)
    0x08000c54   0x08000c54   0x0000041c   Code   RO         2063    .text               c_w.l(_printf_fp_dec.o)
    0x08001070   0x08001070   0x000002fc   Code   RO         2067    .text               c_w.l(_printf_fp_hex.o)
    0x0800136c   0x0800136c   0x0000002c   Code   RO         2072    .text               c_w.l(_printf_char.o)
    0x08001398   0x08001398   0x0000002c   Code   RO         2074    .text               c_w.l(_printf_wchar.o)
    0x080013c4   0x080013c4   0x00000048   Code   RO         2077    .text               c_w.l(_c16rtomb.o)
    0x0800140c   0x0800140c   0x00000008   Code   RO         2079    .text               c_w.l(libspace.o)
    0x08001414   0x08001414   0x0000004a   Code   RO         2082    .text               c_w.l(sys_stackheap_outer.o)
    0x0800145e   0x0800145e   0x00000002   PAD
    0x08001460   0x08001460   0x00000010   Code   RO         2084    .text               c_w.l(rt_ctype_table.o)
    0x08001470   0x08001470   0x00000008   Code   RO         2089    .text               c_w.l(rt_locale_intlibspace.o)
    0x08001478   0x08001478   0x00000080   Code   RO         2091    .text               c_w.l(_printf_fp_infnan.o)
    0x080014f8   0x080014f8   0x000000e4   Code   RO         2093    .text               c_w.l(bigflt0.o)
    0x080015dc   0x080015dc   0x00000012   Code   RO         2123    .text               c_w.l(exit.o)
    0x080015ee   0x080015ee   0x00000002   PAD
    0x080015f0   0x080015f0   0x0000007c   Code   RO         2142    .text               c_w.l(strcmpv7em.o)
    0x0800166c   0x0800166c   0x0000000c   Code   RO         2204    .text               c_w.l(sys_exit.o)
    0x08001678   0x08001678   0x00000002   Code   RO         2219    .text               c_w.l(use_no_semi.o)
    0x0800167a   0x0800167a   0x00000000   Code   RO         2221    .text               c_w.l(indicate_semi.o)
    0x0800167a   0x0800167a   0x00000002   PAD
    0x0800167c   0x0800167c   0x0000000c   Code   RO          121    .text.ADC1_2_IRQHandler  stm32g4xx_it.o
    0x08001688   0x08001688   0x00000108   Code   RO           17    .text.ADC_Count_Caloffset  main.o
    0x08001790   0x08001790   0x0000010e   Code   RO          821    .text.ADC_Enable    stm32g4xx_hal_adc.o
    0x0800189e   0x0800189e   0x00000002   PAD
    0x080018a0   0x080018a0   0x00000034   Code   RO         1472    .text.Add_Change_Key  key.o
    0x080018d4   0x080018d4   0x000000bc   Code   RO         1523    .text.Add_Key_demo  key_app.o
    0x08001990   0x08001990   0x00000002   Code   RO          109    .text.BusFault_Handler  stm32g4xx_it.o
    0x08001992   0x08001992   0x00000002   PAD
    0x08001994   0x08001994   0x00000004   Code   RO         1655    .text.CDC_Control_FS  usbd_cdc_if.o
    0x08001998   0x08001998   0x00000004   Code   RO         1653    .text.CDC_DeInit_FS  usbd_cdc_if.o
    0x0800199c   0x0800199c   0x0000002c   Code   RO         1651    .text.CDC_Init_FS   usbd_cdc_if.o
    0x080019c8   0x080019c8   0x0000001c   Code   RO         1657    .text.CDC_Receive_FS  usbd_cdc_if.o
    0x080019e4   0x080019e4   0x00000004   Code   RO         1659    .text.CDC_TransmitCplt_FS  usbd_cdc_if.o
    0x080019e8   0x080019e8   0x00000036   Code   RO         1661    .text.CDC_Transmit_FS  usbd_cdc_if.o
    0x08001a1e   0x08001a1e   0x00000002   PAD
    0x08001a20   0x08001a20   0x00000002   Code   RO          115    .text.DebugMon_Handler  stm32g4xx_it.o
    0x08001a22   0x08001a22   0x00000002   PAD
    0x08001a24   0x08001a24   0x00000016   Code   RO           15    .text.Error_Handler  main.o
    0x08001a3a   0x08001a3a   0x00000002   PAD
    0x08001a3c   0x08001a3c   0x00000030   Code   RO         1497    .text.GetKeyValue   key_app.o
    0x08001a6c   0x08001a6c   0x00000002   Code   RO          907    .text.HAL_ADCEx_EndOfSamplingCallback  stm32g4xx_hal_adc_ex.o
    0x08001a6e   0x08001a6e   0x00000002   PAD
    0x08001a70   0x08001a70   0x000004f6   Code   RO          917    .text.HAL_ADCEx_InjectedConfigChannel  stm32g4xx_hal_adc_ex.o
    0x08001f66   0x08001f66   0x00000002   PAD
    0x08001f68   0x08001f68   0x00000124   Code   RO           21    .text.HAL_ADCEx_InjectedConvCpltCallback  main.o
    0x0800208c   0x0800208c   0x00000032   Code   RO          897    .text.HAL_ADCEx_InjectedGetValue  stm32g4xx_hal_adc_ex.o
    0x080020be   0x080020be   0x00000002   PAD
    0x080020c0   0x080020c0   0x00000002   Code   RO          901    .text.HAL_ADCEx_InjectedQueueOverflowCallback  stm32g4xx_hal_adc_ex.o
    0x080020c2   0x080020c2   0x00000002   PAD
    0x080020c4   0x080020c4   0x00000160   Code   RO          887    .text.HAL_ADCEx_InjectedStart_IT  stm32g4xx_hal_adc_ex.o
    0x08002224   0x08002224   0x00000002   Code   RO          903    .text.HAL_ADCEx_LevelOutOfWindow2Callback  stm32g4xx_hal_adc_ex.o
    0x08002226   0x08002226   0x00000002   PAD
    0x08002228   0x08002228   0x00000002   Code   RO          905    .text.HAL_ADCEx_LevelOutOfWindow3Callback  stm32g4xx_hal_adc_ex.o
    0x0800222a   0x0800222a   0x00000002   PAD
    0x0800222c   0x0800222c   0x00000134   Code   RO          919    .text.HAL_ADCEx_MultiModeConfigChannel  stm32g4xx_hal_adc_ex.o
    0x08002360   0x08002360   0x000003b6   Code   RO          859    .text.HAL_ADC_ConfigChannel  stm32g4xx_hal_adc.o
    0x08002716   0x08002716   0x00000002   PAD
    0x08002718   0x08002718   0x00000002   Code   RO          851    .text.HAL_ADC_ConvCpltCallback  stm32g4xx_hal_adc.o
    0x0800271a   0x0800271a   0x00000002   PAD
    0x0800271c   0x0800271c   0x00000002   Code   RO          855    .text.HAL_ADC_ErrorCallback  stm32g4xx_hal_adc.o
    0x0800271e   0x0800271e   0x00000002   PAD
    0x08002720   0x08002720   0x00000322   Code   RO          849    .text.HAL_ADC_IRQHandler  stm32g4xx_hal_adc.o
    0x08002a42   0x08002a42   0x00000002   PAD
    0x08002a44   0x08002a44   0x00000256   Code   RO          807    .text.HAL_ADC_Init  stm32g4xx_hal_adc.o
    0x08002c9a   0x08002c9a   0x00000002   PAD
    0x08002c9c   0x08002c9c   0x00000002   Code   RO          853    .text.HAL_ADC_LevelOutOfWindowCallback  stm32g4xx_hal_adc.o
    0x08002c9e   0x08002c9e   0x00000002   PAD
    0x08002ca0   0x08002ca0   0x00000098   Code   RO           55    .text.HAL_ADC_MspInit  adc.o
    0x08002d38   0x08002d38   0x00000080   Code   RO          599    .text.HAL_DMA_Abort_IT  stm32g4xx_hal_dma.o
    0x08002db8   0x08002db8   0x00000028   Code   RO          316    .text.HAL_Delay     stm32g4xx_hal.o
    0x08002de0   0x08002de0   0x000001b2   Code   RO          539    .text.HAL_GPIO_Init  stm32g4xx_hal_gpio.o
    0x08002f92   0x08002f92   0x00000002   PAD
    0x08002f94   0x08002f94   0x0000000a   Code   RO          543    .text.HAL_GPIO_ReadPin  stm32g4xx_hal_gpio.o
    0x08002f9e   0x08002f9e   0x00000002   PAD
    0x08002fa0   0x08002fa0   0x00000010   Code   RO          547    .text.HAL_GPIO_TogglePin  stm32g4xx_hal_gpio.o
    0x08002fb0   0x08002fb0   0x0000000c   Code   RO          545    .text.HAL_GPIO_WritePin  stm32g4xx_hal_gpio.o
    0x08002fbc   0x08002fbc   0x0000000c   Code   RO          308    .text.HAL_GetTick   stm32g4xx_hal.o
    0x08002fc8   0x08002fc8   0x0000001a   Code   RO          306    .text.HAL_IncTick   stm32g4xx_hal.o
    0x08002fe2   0x08002fe2   0x00000002   PAD
    0x08002fe4   0x08002fe4   0x0000001e   Code   RO          296    .text.HAL_Init      stm32g4xx_hal.o
    0x08003002   0x08003002   0x00000002   PAD
    0x08003004   0x08003004   0x00000050   Code   RO          298    .text.HAL_InitTick  stm32g4xx_hal.o
    0x08003054   0x08003054   0x00000034   Code   RO          138    .text.HAL_MspInit   stm32g4xx_hal_msp.o
    0x08003088   0x08003088   0x00000022   Code   RO          765    .text.HAL_NVIC_EnableIRQ  stm32g4xx_hal_cortex.o
    0x080030aa   0x080030aa   0x00000002   PAD
    0x080030ac   0x080030ac   0x00000056   Code   RO          763    .text.HAL_NVIC_SetPriority  stm32g4xx_hal_cortex.o
    0x08003102   0x08003102   0x00000002   PAD
    0x08003104   0x08003104   0x00000020   Code   RO          761    .text.HAL_NVIC_SetPriorityGrouping  stm32g4xx_hal_cortex.o
    0x08003124   0x08003124   0x0000002a   Code   RO          230    .text.HAL_PCDEx_ActivateLPM  stm32g4xx_hal_pcd_ex.o
    0x0800314e   0x0800314e   0x00000002   PAD
    0x08003150   0x08003150   0x00000052   Code   RO         1597    .text.HAL_PCDEx_LPM_Callback  usbd_conf.o
    0x080031a2   0x080031a2   0x00000002   PAD
    0x080031a4   0x080031a4   0x0000004c   Code   RO          220    .text.HAL_PCDEx_PMAConfig  stm32g4xx_hal_pcd_ex.o
    0x080031f0   0x080031f0   0x00000014   Code   RO         1551    .text.HAL_PCD_DataInStageCallback  usbd_conf.o
    0x08003204   0x08003204   0x00000016   Code   RO         1549    .text.HAL_PCD_DataOutStageCallback  usbd_conf.o
    0x0800321a   0x0800321a   0x00000002   PAD
    0x0800321c   0x0800321c   0x0000004e   Code   RO          190    .text.HAL_PCD_EP_Close  stm32g4xx_hal_pcd.o
    0x0800326a   0x0800326a   0x00000002   PAD
    0x0800326c   0x0800326c   0x00000064   Code   RO          200    .text.HAL_PCD_EP_ClrStall  stm32g4xx_hal_pcd.o
    0x080032d0   0x080032d0   0x00000012   Code   RO          194    .text.HAL_PCD_EP_GetRxCount  stm32g4xx_hal_pcd.o
    0x080032e2   0x080032e2   0x00000002   PAD
    0x080032e4   0x080032e4   0x0000005a   Code   RO          188    .text.HAL_PCD_EP_Open  stm32g4xx_hal_pcd.o
    0x0800333e   0x0800333e   0x00000002   PAD
    0x08003340   0x08003340   0x00000032   Code   RO          192    .text.HAL_PCD_EP_Receive  stm32g4xx_hal_pcd.o
    0x08003372   0x08003372   0x00000002   PAD
    0x08003374   0x08003374   0x00000068   Code   RO          198    .text.HAL_PCD_EP_SetStall  stm32g4xx_hal_pcd.o
    0x080033dc   0x080033dc   0x00000036   Code   RO          196    .text.HAL_PCD_EP_Transmit  stm32g4xx_hal_pcd.o
    0x08003412   0x08003412   0x00000002   PAD
    0x08003414   0x08003414   0x0000093a   Code   RO          158    .text.HAL_PCD_IRQHandler  stm32g4xx_hal_pcd.o
    0x08003d4e   0x08003d4e   0x00000002   PAD
    0x08003d50   0x08003d50   0x0000021c   Code   RO          146    .text.HAL_PCD_Init  stm32g4xx_hal_pcd.o
    0x08003f6c   0x08003f6c   0x00000066   Code   RO         1543    .text.HAL_PCD_MspInit  usbd_conf.o
    0x08003fd2   0x08003fd2   0x00000002   PAD
    0x08003fd4   0x08003fd4   0x00000024   Code   RO         1555    .text.HAL_PCD_ResetCallback  usbd_conf.o
    0x08003ff8   0x08003ff8   0x00000028   Code   RO         1559    .text.HAL_PCD_ResumeCallback  usbd_conf.o
    0x08004020   0x08004020   0x00000008   Code   RO         1553    .text.HAL_PCD_SOFCallback  usbd_conf.o
    0x08004028   0x08004028   0x00000028   Code   RO          162    .text.HAL_PCD_SetAddress  stm32g4xx_hal_pcd.o
    0x08004050   0x08004050   0x0000000e   Code   RO         1547    .text.HAL_PCD_SetupStageCallback  usbd_conf.o
    0x0800405e   0x0800405e   0x00000002   PAD
    0x08004060   0x08004060   0x0000002c   Code   RO          154    .text.HAL_PCD_Start  stm32g4xx_hal_pcd.o
    0x0800408c   0x0800408c   0x00000026   Code   RO         1557    .text.HAL_PCD_SuspendCallback  usbd_conf.o
    0x080040b2   0x080040b2   0x00000002   PAD
    0x080040b4   0x080040b4   0x0000010e   Code   RO          681    .text.HAL_PWREx_ControlVoltageScaling  stm32g4xx_hal_pwr_ex.o
    0x080041c2   0x080041c2   0x00000002   PAD
    0x080041c4   0x080041c4   0x00000012   Code   RO          751    .text.HAL_PWREx_DisableUCPDDeadBattery  stm32g4xx_hal_pwr_ex.o
    0x080041d6   0x080041d6   0x00000002   PAD
    0x080041d8   0x080041d8   0x000002d6   Code   RO          420    .text.HAL_RCCEx_PeriphCLKConfig  stm32g4xx_hal_rcc_ex.o
    0x080044ae   0x080044ae   0x00000002   PAD
    0x080044b0   0x080044b0   0x00000304   Code   RO          386    .text.HAL_RCC_ClockConfig  stm32g4xx_hal_rcc.o
    0x080047b4   0x080047b4   0x000004ce   Code   RO          384    .text.HAL_RCC_OscConfig  stm32g4xx_hal_rcc.o
    0x08004c82   0x08004c82   0x00000002   PAD
    0x08004c84   0x08004c84   0x00000002   Code   RO         1022    .text.HAL_SPI_ErrorCallback  stm32g4xx_hal_spi.o
    0x08004c86   0x08004c86   0x00000002   PAD
    0x08004c88   0x08004c88   0x0000012e   Code   RO         1018    .text.HAL_SPI_IRQHandler  stm32g4xx_hal_spi.o
    0x08004db6   0x08004db6   0x00000002   PAD
    0x08004db8   0x08004db8   0x000000e4   Code   RO          938    .text.HAL_SPI_Init  stm32g4xx_hal_spi.o
    0x08004e9c   0x08004e9c   0x00000082   Code   RO           70    .text.HAL_SPI_MspInit  spi.o
    0x08004f1e   0x08004f1e   0x00000002   PAD
    0x08004f20   0x08004f20   0x0000002c   Code   RO          773    .text.HAL_SYSTICK_Config  stm32g4xx_hal_cortex.o
    0x08004f4c   0x08004f4c   0x00000002   Code   RO         1414    .text.HAL_TIMEx_Break2Callback  stm32g4xx_hal_tim_ex.o
    0x08004f4e   0x08004f4e   0x00000002   PAD
    0x08004f50   0x08004f50   0x00000002   Code   RO         1412    .text.HAL_TIMEx_BreakCallback  stm32g4xx_hal_tim_ex.o
    0x08004f52   0x08004f52   0x00000002   PAD
    0x08004f54   0x08004f54   0x00000002   Code   RO         1408    .text.HAL_TIMEx_CommutCallback  stm32g4xx_hal_tim_ex.o
    0x08004f56   0x08004f56   0x00000002   PAD
    0x08004f58   0x08004f58   0x000000d4   Code   RO         1360    .text.HAL_TIMEx_ConfigBreakDeadTime  stm32g4xx_hal_tim_ex.o
    0x0800502c   0x0800502c   0x0000011c   Code   RO         1362    .text.HAL_TIMEx_ConfigBreakInput  stm32g4xx_hal_tim_ex.o
    0x08005148   0x08005148   0x00000002   Code   RO         1418    .text.HAL_TIMEx_DirectionChangeCallback  stm32g4xx_hal_tim_ex.o
    0x0800514a   0x0800514a   0x00000002   PAD
    0x0800514c   0x0800514c   0x00000002   Code   RO         1416    .text.HAL_TIMEx_EncoderIndexCallback  stm32g4xx_hal_tim_ex.o
    0x0800514e   0x0800514e   0x00000002   PAD
    0x08005150   0x08005150   0x00000002   Code   RO         1420    .text.HAL_TIMEx_IndexErrorCallback  stm32g4xx_hal_tim_ex.o
    0x08005152   0x08005152   0x00000002   PAD
    0x08005154   0x08005154   0x000000de   Code   RO         1358    .text.HAL_TIMEx_MasterConfigSynchronization  stm32g4xx_hal_tim_ex.o
    0x08005232   0x08005232   0x00000002   PAD
    0x08005234   0x08005234   0x0000010e   Code   RO         1328    .text.HAL_TIMEx_PWMN_Start  stm32g4xx_hal_tim_ex.o
    0x08005342   0x08005342   0x00000002   PAD
    0x08005344   0x08005344   0x00000002   Code   RO         1422    .text.HAL_TIMEx_TransitionErrorCallback  stm32g4xx_hal_tim_ex.o
    0x08005346   0x08005346   0x00000002   PAD
    0x08005348   0x08005348   0x00000062   Code   RO         1063    .text.HAL_TIM_Base_Init  stm32g4xx_hal_tim.o
    0x080053aa   0x080053aa   0x00000002   PAD
    0x080053ac   0x080053ac   0x000000b8   Code   RO           89    .text.HAL_TIM_Base_MspInit  tim.o
    0x08005464   0x08005464   0x000000ba   Code   RO         1077    .text.HAL_TIM_Base_Start_IT  stm32g4xx_hal_tim.o
    0x0800551e   0x0800551e   0x00000002   PAD
    0x08005520   0x08005520   0x00000220   Code   RO         1243    .text.HAL_TIM_ConfigClockSource  stm32g4xx_hal_tim.o
    0x08005740   0x08005740   0x00000002   Code   RO         1199    .text.HAL_TIM_IC_CaptureCallback  stm32g4xx_hal_tim.o
    0x08005742   0x08005742   0x00000002   PAD
    0x08005744   0x08005744   0x000001cc   Code   RO         1197    .text.HAL_TIM_IRQHandler  stm32g4xx_hal_tim.o
    0x08005910   0x08005910   0x000000dc   Code   RO           85    .text.HAL_TIM_MspPostInit  tim.o
    0x080059ec   0x080059ec   0x00000002   Code   RO         1201    .text.HAL_TIM_OC_DelayElapsedCallback  stm32g4xx_hal_tim.o
    0x080059ee   0x080059ee   0x00000002   PAD
    0x080059f0   0x080059f0   0x000003fc   Code   RO         1217    .text.HAL_TIM_PWM_ConfigChannel  stm32g4xx_hal_tim.o
    0x08005dec   0x08005dec   0x00000062   Code   RO         1117    .text.HAL_TIM_PWM_Init  stm32g4xx_hal_tim.o
    0x08005e4e   0x08005e4e   0x00000002   PAD
    0x08005e50   0x08005e50   0x00000002   Code   RO         1119    .text.HAL_TIM_PWM_MspInit  stm32g4xx_hal_tim.o
    0x08005e52   0x08005e52   0x00000002   PAD
    0x08005e54   0x08005e54   0x00000002   Code   RO         1203    .text.HAL_TIM_PWM_PulseFinishedCallback  stm32g4xx_hal_tim.o
    0x08005e56   0x08005e56   0x00000002   PAD
    0x08005e58   0x08005e58   0x00000182   Code   RO         1125    .text.HAL_TIM_PWM_Start  stm32g4xx_hal_tim.o
    0x08005fda   0x08005fda   0x00000002   PAD
    0x08005fdc   0x08005fdc   0x00000012   Code   RO           23    .text.HAL_TIM_PeriodElapsedCallback  main.o
    0x08005fee   0x08005fee   0x00000002   PAD
    0x08005ff0   0x08005ff0   0x00000002   Code   RO         1207    .text.HAL_TIM_TriggerCallback  stm32g4xx_hal_tim.o
    0x08005ff2   0x08005ff2   0x00000002   PAD
    0x08005ff4   0x08005ff4   0x00000002   Code   RO          105    .text.HardFault_Handler  stm32g4xx_it.o
    0x08005ff6   0x08005ff6   0x00000002   PAD
    0x08005ff8   0x08005ff8   0x00000072   Code   RO         1470    .text.KeyInfo_Init  key.o
    0x0800606a   0x0800606a   0x00000002   PAD
    0x0800606c   0x0800606c   0x0000000e   Code   RO         1501    .text.KeySP_key1    key_app.o
    0x0800607a   0x0800607a   0x00000002   PAD
    0x0800607c   0x0800607c   0x0000000e   Code   RO         1505    .text.KeySP_key2    key_app.o
    0x0800608a   0x0800608a   0x00000002   PAD
    0x0800608c   0x0800608c   0x0000000e   Code   RO         1509    .text.KeySP_key3    key_app.o
    0x0800609a   0x0800609a   0x00000002   PAD
    0x0800609c   0x0800609c   0x0000000e   Code   RO         1511    .text.KeySP_key4    key_app.o
    0x080060aa   0x080060aa   0x00000002   PAD
    0x080060ac   0x080060ac   0x00000004   Code   RO         1529    .text.Key_Init      key_app.o
    0x080060b0   0x080060b0   0x000000ca   Code   RO         1861    .text.MT6816_Get_AngleData  mt6816.o
    0x0800617a   0x0800617a   0x00000002   PAD
    0x0800617c   0x0800617c   0x0000001e   Code   RO         1857    .text.MT6816_SPI_Signal_Init  mt6816.o
    0x0800619a   0x0800619a   0x00000002   PAD
    0x0800619c   0x0800619c   0x00000134   Code   RO           53    .text.MX_ADC1_Init  adc.o
    0x080062d0   0x080062d0   0x0000011e   Code   RO           44    .text.MX_GPIO_Init  gpio.o
    0x080063ee   0x080063ee   0x00000002   PAD
    0x080063f0   0x080063f0   0x00000052   Code   RO           68    .text.MX_SPI1_Init  spi.o
    0x08006442   0x08006442   0x00000002   PAD
    0x08006444   0x08006444   0x00000194   Code   RO           83    .text.MX_TIM1_Init  tim.o
    0x080065d8   0x080065d8   0x00000078   Code   RO           87    .text.MX_TIM3_Init  tim.o
    0x08006650   0x08006650   0x00000072   Code   RO         1615    .text.MX_USB_Device_Init  usb_device.o
    0x080066c2   0x080066c2   0x00000002   PAD
    0x080066c4   0x080066c4   0x00000002   Code   RO          107    .text.MemManage_Handler  stm32g4xx_it.o
    0x080066c6   0x080066c6   0x00000002   PAD
    0x080066c8   0x080066c8   0x00000002   Code   RO          103    .text.NMI_Handler   stm32g4xx_it.o
    0x080066ca   0x080066ca   0x00000002   PAD
    0x080066cc   0x080066cc   0x00000002   Code   RO          117    .text.PendSV_Handler  stm32g4xx_it.o
    0x080066ce   0x080066ce   0x00000002   PAD
    0x080066d0   0x080066d0   0x0000005a   Code   RO         1456    .text.Read_RingStrEx  ringbuff.o
    0x0800672a   0x0800672a   0x00000002   PAD
    0x0800672c   0x0800672c   0x0000000a   Code   RO         1452    .text.RingStr_Init  ringbuff.o
    0x08006736   0x08006736   0x00000002   PAD
    0x08006738   0x08006738   0x0000000c   Code   RO          129    .text.SPI1_IRQHandler  stm32g4xx_it.o
    0x08006744   0x08006744   0x0000000e   Code   RO         1020    .text.SPI_DMAAbortOnError  stm32g4xx_hal_spi.o
    0x08006752   0x08006752   0x00000002   PAD
    0x08006754   0x08006754   0x00000002   Code   RO          113    .text.SVC_Handler   stm32g4xx_it.o
    0x08006756   0x08006756   0x00000002   PAD
    0x08006758   0x08006758   0x00000004   Code   RO          119    .text.SysTick_Handler  stm32g4xx_it.o
    0x0800675c   0x0800675c   0x00000084   Code   RO           13    .text.SystemClock_Config  main.o
    0x080067e0   0x080067e0   0x00000012   Code   RO         1437    .text.SystemInit    system_stm32g4xx.o
    0x080067f2   0x080067f2   0x00000002   PAD
    0x080067f4   0x080067f4   0x0000000c   Code   RO          125    .text.TIM1_UP_TIM16_IRQHandler  stm32g4xx_it.o
    0x08006800   0x08006800   0x0000000c   Code   RO          127    .text.TIM3_IRQHandler  stm32g4xx_it.o
    0x0800680c   0x0800680c   0x00000152   Code   RO         1067    .text.TIM_Base_SetConfig  stm32g4xx_hal_tim.o
    0x0800695e   0x0800695e   0x00000002   PAD
    0x08006960   0x08006960   0x00000024   Code   RO         1634    .text.USBD_CDC_ConfigStrDescriptor  usbd_desc.o
    0x08006984   0x08006984   0x0000006e   Code   RO         1773    .text.USBD_CDC_DataIn  usbd_cdc.o
    0x080069f2   0x080069f2   0x00000002   PAD
    0x080069f4   0x080069f4   0x0000002c   Code   RO         1775    .text.USBD_CDC_DataOut  usbd_cdc.o
    0x08006a20   0x08006a20   0x00000042   Code   RO         1767    .text.USBD_CDC_DeInit  usbd_cdc.o
    0x08006a62   0x08006a62   0x00000002   PAD
    0x08006a64   0x08006a64   0x0000000e   Code   RO         1624    .text.USBD_CDC_DeviceDescriptor  usbd_desc.o
    0x08006a72   0x08006a72   0x00000002   PAD
    0x08006a74   0x08006a74   0x00000030   Code   RO         1771    .text.USBD_CDC_EP0_RxReady  usbd_cdc.o
    0x08006aa4   0x08006aa4   0x00000010   Code   RO         1783    .text.USBD_CDC_GetDeviceQualifierDescriptor  usbd_cdc.o
    0x08006ab4   0x08006ab4   0x00000010   Code   RO         1779    .text.USBD_CDC_GetFSCfgDesc  usbd_cdc.o
    0x08006ac4   0x08006ac4   0x00000010   Code   RO         1777    .text.USBD_CDC_GetHSCfgDesc  usbd_cdc.o
    0x08006ad4   0x08006ad4   0x00000010   Code   RO         1781    .text.USBD_CDC_GetOtherSpeedCfgDesc  usbd_cdc.o
    0x08006ae4   0x08006ae4   0x00000098   Code   RO         1765    .text.USBD_CDC_Init  usbd_cdc.o
    0x08006b7c   0x08006b7c   0x00000028   Code   RO         1636    .text.USBD_CDC_InterfaceStrDescriptor  usbd_desc.o
    0x08006ba4   0x08006ba4   0x0000000e   Code   RO         1626    .text.USBD_CDC_LangIDStrDescriptor  usbd_desc.o
    0x08006bb2   0x08006bb2   0x00000002   PAD
    0x08006bb4   0x08006bb4   0x0000002c   Code   RO         1628    .text.USBD_CDC_ManufacturerStrDescriptor  usbd_desc.o
    0x08006be0   0x08006be0   0x00000030   Code   RO         1630    .text.USBD_CDC_ProductStrDescriptor  usbd_desc.o
    0x08006c10   0x08006c10   0x0000002c   Code   RO         1793    .text.USBD_CDC_ReceivePacket  usbd_cdc.o
    0x08006c3c   0x08006c3c   0x0000000e   Code   RO         1785    .text.USBD_CDC_RegisterInterface  usbd_cdc.o
    0x08006c4a   0x08006c4a   0x00000002   PAD
    0x08006c4c   0x08006c4c   0x00000170   Code   RO         1632    .text.USBD_CDC_SerialStrDescriptor  usbd_desc.o
    0x08006dbc   0x08006dbc   0x00000012   Code   RO         1789    .text.USBD_CDC_SetRxBuffer  usbd_cdc.o
    0x08006dce   0x08006dce   0x00000002   PAD
    0x08006dd0   0x08006dd0   0x00000016   Code   RO         1787    .text.USBD_CDC_SetTxBuffer  usbd_cdc.o
    0x08006de6   0x08006de6   0x00000002   PAD
    0x08006de8   0x08006de8   0x000000d8   Code   RO         1769    .text.USBD_CDC_Setup  usbd_cdc.o
    0x08006ec0   0x08006ec0   0x0000003c   Code   RO         1791    .text.USBD_CDC_TransmitPacket  usbd_cdc.o
    0x08006efc   0x08006efc   0x00000014   Code   RO         1688    .text.USBD_ClrClassConfig  usbd_core.o
    0x08006f10   0x08006f10   0x00000010   Code   RO         1749    .text.USBD_CtlContinueRx  usbd_ioreq.o
    0x08006f20   0x08006f20   0x00000010   Code   RO         1745    .text.USBD_CtlContinueSendData  usbd_ioreq.o
    0x08006f30   0x08006f30   0x00000016   Code   RO         1724    .text.USBD_CtlError  usbd_ctlreq.o
    0x08006f46   0x08006f46   0x00000002   PAD
    0x08006f48   0x08006f48   0x0000001a   Code   RO         1747    .text.USBD_CtlPrepareRx  usbd_ioreq.o
    0x08006f62   0x08006f62   0x00000002   PAD
    0x08006f64   0x08006f64   0x00000016   Code   RO         1753    .text.USBD_CtlReceiveStatus  usbd_ioreq.o
    0x08006f7a   0x08006f7a   0x00000002   PAD
    0x08006f7c   0x08006f7c   0x0000001a   Code   RO         1743    .text.USBD_CtlSendData  usbd_ioreq.o
    0x08006f96   0x08006f96   0x00000002   PAD
    0x08006f98   0x08006f98   0x00000016   Code   RO         1751    .text.USBD_CtlSendStatus  usbd_ioreq.o
    0x08006fae   0x08006fae   0x00000002   PAD
    0x08006fb0   0x08006fb0   0x000000da   Code   RO         1732    .text.USBD_GetString  usbd_ctlreq.o
    0x0800708a   0x0800708a   0x00000002   PAD
    0x0800708c   0x0800708c   0x0000002a   Code   RO         1674    .text.USBD_Init     usbd_core.o
    0x080070b6   0x080070b6   0x00000002   PAD
    0x080070b8   0x080070b8   0x00000022   Code   RO         1585    .text.USBD_LL_ClearStallEP  usbd_conf.o
    0x080070da   0x080070da   0x00000002   PAD
    0x080070dc   0x080070dc   0x00000022   Code   RO         1579    .text.USBD_LL_CloseEP  usbd_conf.o
    0x080070fe   0x080070fe   0x00000002   PAD
    0x08007100   0x08007100   0x000000a8   Code   RO         1694    .text.USBD_LL_DataInStage  usbd_core.o
    0x080071a8   0x080071a8   0x00000066   Code   RO         1692    .text.USBD_LL_DataOutStage  usbd_core.o
    0x0800720e   0x0800720e   0x00000002   PAD
    0x08007210   0x08007210   0x00000008   Code   RO         1595    .text.USBD_LL_GetRxDataSize  usbd_conf.o
    0x08007218   0x08007218   0x00000086   Code   RO         1569    .text.USBD_LL_Init  usbd_conf.o
    0x0800729e   0x0800729e   0x00000002   PAD
    0x080072a0   0x080072a0   0x0000002a   Code   RO         1587    .text.USBD_LL_IsStallEP  usbd_conf.o
    0x080072ca   0x080072ca   0x00000002   PAD
    0x080072cc   0x080072cc   0x00000028   Code   RO         1577    .text.USBD_LL_OpenEP  usbd_conf.o
    0x080072f4   0x080072f4   0x00000022   Code   RO         1593    .text.USBD_LL_PrepareReceive  usbd_conf.o
    0x08007316   0x08007316   0x00000002   PAD
    0x08007318   0x08007318   0x00000068   Code   RO         1696    .text.USBD_LL_Reset  usbd_core.o
    0x08007380   0x08007380   0x00000014   Code   RO         1702    .text.USBD_LL_Resume  usbd_core.o
    0x08007394   0x08007394   0x00000024   Code   RO         1704    .text.USBD_LL_SOF   usbd_core.o
    0x080073b8   0x080073b8   0x00000008   Code   RO         1698    .text.USBD_LL_SetSpeed  usbd_core.o
    0x080073c0   0x080073c0   0x00000022   Code   RO         1589    .text.USBD_LL_SetUSBAddress  usbd_conf.o
    0x080073e2   0x080073e2   0x00000002   PAD
    0x080073e4   0x080073e4   0x00000062   Code   RO         1690    .text.USBD_LL_SetupStage  usbd_core.o
    0x08007446   0x08007446   0x00000002   PAD
    0x08007448   0x08007448   0x00000022   Code   RO         1583    .text.USBD_LL_StallEP  usbd_conf.o
    0x0800746a   0x0800746a   0x00000002   PAD
    0x0800746c   0x0800746c   0x00000022   Code   RO         1573    .text.USBD_LL_Start  usbd_conf.o
    0x0800748e   0x0800748e   0x00000002   PAD
    0x08007490   0x08007490   0x00000014   Code   RO         1700    .text.USBD_LL_Suspend  usbd_core.o
    0x080074a4   0x080074a4   0x00000022   Code   RO         1591    .text.USBD_LL_Transmit  usbd_conf.o
    0x080074c6   0x080074c6   0x00000002   PAD
    0x080074c8   0x080074c8   0x00000016   Code   RO         1730    .text.USBD_ParseSetupRequest  usbd_ctlreq.o
    0x080074de   0x080074de   0x00000002   PAD
    0x080074e0   0x080074e0   0x0000002e   Code   RO         1678    .text.USBD_RegisterClass  usbd_core.o
    0x0800750e   0x0800750e   0x00000002   PAD
    0x08007510   0x08007510   0x00000010   Code   RO         1686    .text.USBD_SetClassConfig  usbd_core.o
    0x08007520   0x08007520   0x00000004   Code   RO         1680    .text.USBD_Start    usbd_core.o
    0x08007524   0x08007524   0x00000374   Code   RO         1722    .text.USBD_StdDevReq  usbd_ctlreq.o
    0x08007898   0x08007898   0x00000144   Code   RO         1728    .text.USBD_StdEPReq  usbd_ctlreq.o
    0x080079dc   0x080079dc   0x00000062   Code   RO         1726    .text.USBD_StdItfReq  usbd_ctlreq.o
    0x08007a3e   0x08007a3e   0x00000002   PAD
    0x08007a40   0x08007a40   0x00000002   Code   RO         1603    .text.USBD_static_free  usbd_conf.o
    0x08007a42   0x08007a42   0x00000002   PAD
    0x08007a44   0x08007a44   0x0000000a   Code   RO         1601    .text.USBD_static_malloc  usbd_conf.o
    0x08007a4e   0x08007a4e   0x00000002   PAD
    0x08007a50   0x08007a50   0x0000027a   Code   RO          258    .text.USB_ActivateEndpoint  stm32g4xx_ll_usb.o
    0x08007cca   0x08007cca   0x00000002   PAD
    0x08007ccc   0x08007ccc   0x000000e2   Code   RO          260    .text.USB_DeactivateEndpoint  stm32g4xx_ll_usb.o
    0x08007dae   0x08007dae   0x00000002   PAD
    0x08007db0   0x08007db0   0x00000012   Code   RO          276    .text.USB_DevConnect  stm32g4xx_ll_usb.o
    0x08007dc2   0x08007dc2   0x00000002   PAD
    0x08007dc4   0x08007dc4   0x0000001a   Code   RO          252    .text.USB_DevInit   stm32g4xx_ll_usb.o
    0x08007dde   0x08007dde   0x00000002   PAD
    0x08007de0   0x08007de0   0x00000014   Code   RO          248    .text.USB_DisableGlobalInt  stm32g4xx_ll_usb.o
    0x08007df4   0x08007df4   0x0000007c   Code   RO          268    .text.USB_EPClearStall  stm32g4xx_ll_usb.o
    0x08007e70   0x08007e70   0x00000032   Code   RO          266    .text.USB_EPSetStall  stm32g4xx_ll_usb.o
    0x08007ea2   0x08007ea2   0x00000002   PAD
    0x08007ea4   0x08007ea4   0x0000085a   Code   RO          262    .text.USB_EPStartXfer  stm32g4xx_ll_usb.o
    0x080086fe   0x080086fe   0x00000002   PAD
    0x08008700   0x08008700   0x00000012   Code   RO          246    .text.USB_EnableGlobalInt  stm32g4xx_ll_usb.o
    0x08008712   0x08008712   0x00000002   PAD
    0x08008714   0x08008714   0x0000000c   Code   RO          123    .text.USB_LP_IRQHandler  stm32g4xx_it.o
    0x08008720   0x08008720   0x00000006   Code   RO          280    .text.USB_ReadInterrupts  stm32g4xx_ll_usb.o
    0x08008726   0x08008726   0x00000002   PAD
    0x08008728   0x08008728   0x0000009c   Code   RO          286    .text.USB_ReadPMA   stm32g4xx_ll_usb.o
    0x080087c4   0x080087c4   0x0000000e   Code   RO          274    .text.USB_SetDevAddress  stm32g4xx_ll_usb.o
    0x080087d2   0x080087d2   0x00000002   PAD
    0x080087d4   0x080087d4   0x00000096   Code   RO          264    .text.USB_WritePMA  stm32g4xx_ll_usb.o
    0x0800886a   0x0800886a   0x00000002   PAD
    0x0800886c   0x0800886c   0x00000002   Code   RO          111    .text.UsageFault_Handler  stm32g4xx_it.o
    0x0800886e   0x0800886e   0x00000002   PAD
    0x08008870   0x08008870   0x000000c4   Code   RO         1874    .text.VF_RUN        foc.o
    0x08008934   0x08008934   0x0000004e   Code   RO         1454    .text.Write_RingStr  ringbuff.o
    0x08008982   0x08008982   0x00000002   PAD
    0x08008984   0x08008984   0x0000004a   Code   RO         1842    .text.anti_park_transf  trans.o
    0x080089ce   0x080089ce   0x00000002   PAD
    0x080089d0   0x080089d0   0x00000060   Code   RO         1844    .text.clark_transf  trans.o
    0x08008a30   0x08008a30   0x00000080   Code   RO         1527    .text.handleButtonState  key_app.o
    0x08008ab0   0x08008ab0   0x0000000e   Code   RO         1499    .text.keyLP_key1    key_app.o
    0x08008abe   0x08008abe   0x00000002   PAD
    0x08008ac0   0x08008ac0   0x0000000e   Code   RO         1503    .text.keyLP_key2    key_app.o
    0x08008ace   0x08008ace   0x00000002   PAD
    0x08008ad0   0x08008ad0   0x0000000e   Code   RO         1507    .text.keyLP_key3    key_app.o
    0x08008ade   0x08008ade   0x00000002   PAD
    0x08008ae0   0x08008ae0   0x0000000e   Code   RO         1513    .text.keyLP_key4    key_app.o
    0x08008aee   0x08008aee   0x00000002   PAD
    0x08008af0   0x08008af0   0x000000c4   Code   RO           11    .text.main          main.o
    0x08008bb4   0x08008bb4   0x0000003e   Code   RO         1808    .text.my_printf     debug_printf.o
    0x08008bf2   0x08008bf2   0x00000002   PAD
    0x08008bf4   0x08008bf4   0x0000004a   Code   RO         1840    .text.park_transf   trans.o
    0x08008c3e   0x08008c3e   0x00000002   PAD
    0x08008c40   0x08008c40   0x00000024   Code   RO         1838    .text.sin_cos_val   trans.o
    0x08008c64   0x08008c64   0x00000354   Code   RO         1846    .text.svpwm_calc    trans.o
    0x08008fb8   0x08008fb8   0x00000582   Code   RO         1480    .text.task_listen_key  key.o
    0x0800953a   0x0800953a   0x00000002   PAD
    0x0800953c   0x0800953c   0x0000008e   Code   RO         1482    .text.task_run_key  key.o
    0x080095ca   0x080095ca   0x00000002   PAD
    0x080095cc   0x080095cc   0x00000030   Code   RO         1836    .text.tran_angle    trans.o
    0x080095fc   0x080095fc   0x00000246   Code   RO         1824    .text.vofa_demo     vofa.o
    0x08009842   0x08009842   0x0000003e   Code   RO         2096    CL$$btod_d2e        c_w.l(btod.o)
    0x08009880   0x08009880   0x00000046   Code   RO         2098    CL$$btod_d2e_denorm_low  c_w.l(btod.o)
    0x080098c6   0x080098c6   0x00000060   Code   RO         2097    CL$$btod_d2e_norm_op1  c_w.l(btod.o)
    0x08009926   0x08009926   0x00000002   PAD
    0x08009928   0x08009928   0x00000338   Code   RO         2106    CL$$btod_div_common  c_w.l(btod.o)
    0x08009c60   0x08009c60   0x000000dc   Code   RO         2103    CL$$btod_e2e        c_w.l(btod.o)
    0x08009d3c   0x08009d3c   0x0000002a   Code   RO         2100    CL$$btod_ediv       c_w.l(btod.o)
    0x08009d66   0x08009d66   0x0000002a   Code   RO         2099    CL$$btod_emul       c_w.l(btod.o)
    0x08009d90   0x08009d90   0x00000244   Code   RO         2105    CL$$btod_mult_common  c_w.l(btod.o)
    0x08009fd4   0x08009fd4   0x00000030   Code   RO         2133    i.__ARM_fpclassify  m_wm.l(fpclassify.o)
    0x0800a004   0x0800a004   0x00000026   Code   RO         2020    i.__ARM_fpclassifyf  m_wm.l(fpclassifyf.o)
    0x0800a02a   0x0800a02a   0x00000002   PAD
    0x0800a02c   0x0800a02c   0x00000150   Code   RO         1899    i.__hardfp_cosf     m_wm.l(cosf.o)
    0x0800a17c   0x0800a17c   0x00000190   Code   RO         1905    i.__hardfp_sinf     m_wm.l(sinf.o)
    0x0800a30c   0x0800a30c   0x00000006   Code   RO         2023    i.__mathlib_flt_infnan  m_wm.l(funder.o)
    0x0800a312   0x0800a312   0x00000002   PAD
    0x0800a314   0x0800a314   0x00000010   Code   RO         2025    i.__mathlib_flt_invalid  m_wm.l(funder.o)
    0x0800a324   0x0800a324   0x00000010   Code   RO         2028    i.__mathlib_flt_underflow  m_wm.l(funder.o)
    0x0800a334   0x0800a334   0x00000154   Code   RO         2036    i.__mathlib_rredf2  m_wm.l(rredf.o)
    0x0800a488   0x0800a488   0x0000000e   Code   RO         1972    i._is_digit         c_w.l(__printf_wp.o)
    0x0800a496   0x0800a496   0x00000002   PAD
    0x0800a498   0x0800a498   0x0000002c   Code   RO         2121    locale$$code        c_w.l(lc_numeric_c.o)
    0x0800a4c4   0x0800a4c4   0x0000002c   Code   RO         2140    locale$$code        c_w.l(lc_ctype_c.o)
    0x0800a4f0   0x0800a4f0   0x0000000c   Code   RO         2007    x$fpl$dretinf       fz_wm.l(dretinf.o)
    0x0800a4fc   0x0800a4fc   0x00000056   Code   RO         1897    x$fpl$f2d           fz_wm.l(f2d.o)
    0x0800a552   0x0800a552   0x0000008c   Code   RO         2009    x$fpl$fnaninf       fz_wm.l(fnaninf.o)
    0x0800a5de   0x0800a5de   0x0000001a   Code   RO         2202    x$fpl$fpinit        fz_wm.l(fpinit.o)
    0x0800a5f8   0x0800a5f8   0x00000004   Code   RO         2011    x$fpl$printf1       fz_wm.l(printf1.o)
    0x0800a5fc   0x0800a5fc   0x00000004   Code   RO         2013    x$fpl$printf2       fz_wm.l(printf2.o)
    0x0800a600   0x0800a600   0x00000000   Code   RO         2019    x$fpl$usenofp       fz_wm.l(usenofp.o)
    0x0800a600   0x0800a600   0x00000008   Data   RO         1931    .constdata          c_w.l(_printf_wctomb.o)
    0x0800a608   0x0800a608   0x00000028   Data   RO         1960    .constdata          c_w.l(_printf_hex_int_ll_ptr.o)
    0x0800a630   0x0800a630   0x00000011   Data   RO         1980    .constdata          c_w.l(__printf_flags_ss_wp.o)
    0x0800a641   0x0800a641   0x00000003   PAD
    0x0800a644   0x0800a644   0x00000020   Data   RO         2037    .constdata          m_wm.l(rredf.o)
    0x0800a664   0x0800a664   0x00000026   Data   RO         2068    .constdata          c_w.l(_printf_fp_hex.o)
    0x0800a68a   0x0800a68a   0x00000002   PAD
    0x0800a68c   0x0800a68c   0x00000094   Data   RO         2094    .constdata          c_w.l(bigflt0.o)
    0x0800a720   0x0800a720   0x0000000e   Data   RO         1534    .rodata..Lswitch.table.handleButtonState  key_app.o
    0x0800a72e   0x0800a72e   0x00000010   Data   RO         1442    .rodata.AHBPrescTable  system_stm32g4xx.o
    0x0800a73e   0x0800a73e   0x000000b4   Data   RO           26    .rodata.str1.1      main.o
    0x0800a7f2   0x0800a7f2   0x00000010   Data   RO         1531    .rodata.str1.1      key_app.o
    0x0800a802   0x0800a802   0x00000002   PAD
    0x0800a804   0x0800a804   0x00000020   Data   RO         2277    Region$$Table       anon$$obj.o
    0x0800a824   0x0800a824   0x0000001c   Data   RO         2120    locale$$data        c_w.l(lc_numeric_c.o)
    0x0800a840   0x0800a840   0x00000110   Data   RO         2139    locale$$data        c_w.l(lc_ctype_c.o)


    Execution Region RW_IRAM1 (Exec base: 0x20000000, Load base: 0x0800a950, Size: 0x00002ca0, Max: 0x00020000, ABSOLUTE, COMPRESSED[0x000000e0])

    Exec Addr    Load Addr    Size         Type   Attr      Idx    E Section Name        Object

    0x20000000   COMPRESSED   0x00000008   Data   RW          373    .data..L_MergedGlobals  stm32g4xx_hal.o
    0x20000008   COMPRESSED   0x00000020   Data   RW         1638    .data.CDC_Desc      usbd_desc.o
    0x20000028   COMPRESSED   0x00000004   Data   RW         1441    .data.SystemCoreClock  system_stm32g4xx.o
    0x2000002c   COMPRESSED   0x00000038   Data   RW         1795    .data.USBD_CDC      usbd_cdc.o
    0x20000064   COMPRESSED   0x00000043   Data   RW         1797    .data.USBD_CDC_CfgFSDesc  usbd_cdc.o
    0x200000a7   COMPRESSED   0x00000001   PAD
    0x200000a8   COMPRESSED   0x00000043   Data   RW         1798    .data.USBD_CDC_CfgHSDesc  usbd_cdc.o
    0x200000eb   COMPRESSED   0x00000001   PAD
    0x200000ec   COMPRESSED   0x00000012   Data   RW         1639    .data.USBD_CDC_DeviceDesc  usbd_desc.o
    0x200000fe   COMPRESSED   0x00000002   PAD
    0x20000100   COMPRESSED   0x0000000a   Data   RW         1796    .data.USBD_CDC_DeviceQualifierDesc  usbd_cdc.o
    0x2000010a   COMPRESSED   0x00000002   PAD
    0x2000010c   COMPRESSED   0x00000043   Data   RW         1799    .data.USBD_CDC_OtherSpeedCfgDesc  usbd_cdc.o
    0x2000014f   COMPRESSED   0x00000001   PAD
    0x20000150   COMPRESSED   0x00000014   Data   RW         1663    .data.USBD_Interface_fops_FS  usbd_cdc_if.o
    0x20000164   COMPRESSED   0x00000004   Data   RW         1640    .data.USBD_LangIDDesc  usbd_desc.o
    0x20000168   COMPRESSED   0x0000001a   Data   RW         1641    .data.USBD_StringSerial  usbd_desc.o
    0x20000182   COMPRESSED   0x00000002   PAD
    0x20000184   COMPRESSED   0x00000024   Data   RW           27    .data.buttonStateStrings  main.o
    0x200001a8        -       0x00000060   Zero   RW         2080    .bss                c_w.l(libspace.o)
    0x20000208        -       0x0000002c   Zero   RW           35    .bss..L_MergedGlobals  main.o
    0x20000234   COMPRESSED   0x00000004   PAD
    0x20000238        -       0x0000004c   Zero   RW         1486    .bss..L_MergedGlobals  key.o
    0x20000284        -       0x00000050   Zero   RW         1848    .bss..L_MergedGlobals  trans.o
    0x200002d4        -       0x0000000c   Zero   RW         1863    .bss..L_MergedGlobals  mt6816.o
    0x200002e0        -       0x00000040   Zero   RW         1484    .bss.KeyInfo        key.o
    0x20000320        -       0x000003c4   Zero   RW         1485    .bss.Key_Value      key.o
    0x200006e4        -       0x00000001   Zero   RW         1734    .bss.USBD_SetConfig.cfgidx  usbd_ctlreq.o
    0x200006e5   COMPRESSED   0x00000003   PAD
    0x200006e8        -       0x00000200   Zero   RW         1642    .bss.USBD_StrDesc   usbd_desc.o
    0x200008e8        -       0x00000220   Zero   RW         1606    .bss.USBD_static_malloc.mem  usbd_conf.o
    0x20000b08        -       0x00000800   Zero   RW         1664    .bss.UserRxBufferFS  usbd_cdc_if.o
    0x20001308        -       0x00000800   Zero   RW         1665    .bss.UserTxBufferFS  usbd_cdc_if.o
    0x20001b08        -       0x00000001   Zero   RW           25    .bss.button         main.o
    0x20001b09   COMPRESSED   0x00000003   PAD
    0x20001b0c        -       0x00000004   Zero   RW           31    .bss.ch1            main.o
    0x20001b10        -       0x00000004   Zero   RW           32    .bss.ch2            main.o
    0x20001b14        -       0x00000004   Zero   RW           33    .bss.ch3            main.o
    0x20001b18        -       0x00000002   Zero   RW         1826    .bss.cnt            vofa.o
    0x20001b1a   COMPRESSED   0x00000002   PAD
    0x20001b1c        -       0x000002d0   Zero   RW         1617    .bss.hUsbDeviceFS   usb_device.o
    0x20001dec        -       0x0000006c   Zero   RW           59    .bss.hadc1          adc.o
    0x20001e58        -       0x00000001   Zero   RW         1532    .bss.handleButtonState.last_button  key_app.o
    0x20001e59   COMPRESSED   0x00000003   PAD
    0x20001e5c        -       0x000002dc   Zero   RW         1605    .bss.hpcd_USB_FS    usbd_conf.o
    0x20002138        -       0x00000064   Zero   RW           74    .bss.hspi1          spi.o
    0x2000219c        -       0x0000004c   Zero   RW           93    .bss.htim1          tim.o
    0x200021e8        -       0x0000004c   Zero   RW           94    .bss.htim3          tim.o
    0x20002234        -       0x00000064   Zero   RW         1810    .bss.my_printf.debug_buffer  debug_printf.o
    0x20002298        -       0x00000004   Zero   RW         1876    .bss.self_angle     foc.o
    0x2000229c        -       0x00000400   Zero   RW         1827    .bss.send_buf       vofa.o
    0x2000269c        -       0x00000004   Zero   RW          372    .bss.uwTick         stm32g4xx_hal.o
    0x200026a0        -       0x00000200   Zero   RW            2    HEAP                startup_stm32g474xx.o
    0x200028a0        -       0x00000400   Zero   RW            1    STACK               startup_stm32g474xx.o


==============================================================================

Image component sizes


      Code (inc. data)   RO Data    RW Data    ZI Data      Debug   Object Name

       460          0          0          0        108      10563   adc.o
        62          0          0          0        100       1022   debug_printf.o
       196          8          0          0          4       1515   foc.o
       286          0          0          0          0       2449   gpio.o
      1718          0          0          0       1104       8167   key.o
       480         40         30          0          1       5041   key_app.o
       924         84        180         36         57      10223   main.o
       232          0          0          0         12       2556   mt6816.o
       178          0          0          0          0       2178   ringbuff.o
       212          0          0          0        100       7983   spi.o
        64         26        472          0       1536        828   startup_stm32g474xx.o
       188          0          0          8          4       9553   stm32g4xx_hal.o
      2626          0          0          0          0      28589   stm32g4xx_hal_adc.o
      1988          0          0          0          0      23774   stm32g4xx_hal_adc_ex.o
       196          0          0          0          0      10800   stm32g4xx_hal_cortex.o
       128          0          0          0          0       9117   stm32g4xx_hal_dma.o
       472          0          0          0          0       5199   stm32g4xx_hal_gpio.o
        52          0          0          0          0       1724   stm32g4xx_hal_msp.o
      3480          0          0          0          0      16530   stm32g4xx_hal_pcd.o
       118          0          0          0          0       5648   stm32g4xx_hal_pcd_ex.o
       288          0          0          0          0       9058   stm32g4xx_hal_pwr_ex.o
      2002          0          0          0          0      10055   stm32g4xx_hal_rcc.o
       726          0          0          0          0      11131   stm32g4xx_hal_rcc_ex.o
       546          0          0          0          0      27142   stm32g4xx_hal_spi.o
      3140         20          0          0          0      62844   stm32g4xx_hal_tim.o
      1002         64          0          0          0      30391   stm32g4xx_hal_tim_ex.o
        80          0          0          0          0      10452   stm32g4xx_it.o
      3580          6          0          0          0      20721   stm32g4xx_ll_usb.o
        18          0         16          4          0       2728   system_stm32g4xx.o
       928          0          0          0        152      11329   tim.o
      1180         42          0          0         80       2809   trans.o
       114          0          0          0        720       3063   usb_device.o
       858         12          0        267          0      10566   usbd_cdc.o
       138          0          0         20       4096       4785   usbd_cdc_if.o
       836          0          0          0       1276      19503   usbd_conf.o
       684          0          0          0          0       8586   usbd_core.o
      1568         36          0          0          1      10708   usbd_ctlreq.o
       564         72          0         80        512       4189   usbd_desc.o
       128          0          0          0          0       4611   usbd_ioreq.o
       582          0          0          0       1026       3816   vofa.o

    ----------------------------------------------------------------------
     33286        410        732        424      10904     431946   Object Totals
         0          0         32          0          0          0   (incl. Generated)
       264          0          2          9         15          0   (incl. Padding)

    ----------------------------------------------------------------------

      Code (inc. data)   RO Data    RW Data    ZI Data      Debug   Library Member Name

        90          0          0          0          0          0   __dczerorl2.o
         8          0          0          0          0         68   __main.o
       392          4         17          0          0         92   __printf_flags_ss_wp.o
        14          0          0          0          0         68   __printf_wp.o
         0          0          0          0          0          0   __rtentry.o
        12          0          0          0          0          0   __rtentry2.o
         6          0          0          0          0          0   __rtentry4.o
        94          8          0          0          0          0   __scatter.o
        28          0          0          0          0          0   __scatter_zi.o
        72          0          0          0          0         96   _c16rtomb.o
         6          0          0          0          0          0   _printf_a.o
         6          0          0          0          0          0   _printf_c.o
        44          0          0          0          0        108   _printf_char.o
        48          6          0          0          0         96   _printf_char_common.o
        40          0          0          0          0         68   _printf_charcount.o
         6          0          0          0          0          0   _printf_d.o
       120         16          0          0          0         92   _printf_dec.o
         6          0          0          0          0          0   _printf_e.o
         6          0          0          0          0          0   _printf_f.o
      1052          0          0          0          0        148   _printf_fp_dec.o
       764          8         38          0          0        100   _printf_fp_hex.o
       128         16          0          0          0         84   _printf_fp_infnan.o
         6          0          0          0          0          0   _printf_g.o
       148          4         40          0          0        160   _printf_hex_int_ll_ptr.o
         6          0          0          0          0          0   _printf_i.o
       178          0          0          0          0         88   _printf_intcommon.o
        10          0          0          0          0          0   _printf_l.o
         6          0          0          0          0          0   _printf_lc.o
        10          0          0          0          0          0   _printf_ll.o
         6          0          0          0          0          0   _printf_lld.o
         6          0          0          0          0          0   _printf_lli.o
         6          0          0          0          0          0   _printf_llo.o
         6          0          0          0          0          0   _printf_llu.o
         6          0          0          0          0          0   _printf_llx.o
       124         16          0          0          0         92   _printf_longlong_dec.o
         6          0          0          0          0          0   _printf_ls.o
         6          0          0          0          0          0   _printf_n.o
         6          0          0          0          0          0   _printf_o.o
       112          8          0          0          0        124   _printf_oct_int_ll.o
         6          0          0          0          0          0   _printf_p.o
        78          0          0          0          0        108   _printf_pad.o
         0          0          0          0          0          0   _printf_percent.o
         4          0          0          0          0          0   _printf_percent_end.o
         6          0          0          0          0          0   _printf_s.o
        82          0          0          0          0         80   _printf_str.o
        36          0          0          0          0         84   _printf_truncate.o
         6          0          0          0          0          0   _printf_u.o
        44          0          0          0          0        108   _printf_wchar.o
       188          6          8          0          0         92   _printf_wctomb.o
         6          0          0          0          0          0   _printf_x.o
        22          0          0          0          0        100   _rserrno.o
        16          0          0          0          0         68   _snputc.o
       228          4        148          0          0         96   bigflt0.o
      1936        128          0          0          0        668   btod.o
        18          0          0          0          0         80   exit.o
         6          0          0          0          0        152   heapauxi.o
         0          0          0          0          0          0   indicate_semi.o
        44         10        272          0          0         76   lc_ctype_c.o
        44         10         28          0          0         76   lc_numeric_c.o
         2          0          0          0          0          0   libinit.o
        34          0          0          0          0          0   libinit2.o
         2          0          0          0          0          0   libshutdown.o
         2          0          0          0          0          0   libshutdown2.o
         8          4          0          0         96         68   libspace.o
       138          0          0          0          0         80   lludiv10.o
        16          4          0          0          0         76   rt_ctype_table.o
         8          4          0          0          0         68   rt_errno_addr_intlibspace.o
         8          4          0          0          0         68   rt_locale_intlibspace.o
        68          0          0          0          0         68   rt_memclr.o
        78          0          0          0          0         80   rt_memclr_w.o
       138          0          0          0          0         68   rt_memcpy_v6.o
       100          0          0          0          0         80   rt_memcpy_w.o
         2          0          0          0          0          0   rtexit.o
        10          0          0          0          0          0   rtexit2.o
       124          0          0          0          0         88   strcmpv7em.o
        12          4          0          0          0         68   sys_exit.o
        74          0          0          0          0         80   sys_stackheap_outer.o
         2          0          0          0          0         68   use_no_semi.o
        60          4          0          0          0         80   vsnprintf.o
        12          0          0          0          0        116   dretinf.o
        86          4          0          0          0        132   f2d.o
       140          4          0          0          0        132   fnaninf.o
        26          0          0          0          0        116   fpinit.o
         4          0          0          0          0        116   printf1.o
         4          0          0          0          0        116   printf2.o
         0          0          0          0          0          0   usenofp.o
       336         56          0          0          0        136   cosf.o
        48          0          0          0          0        124   fpclassify.o
        38          0          0          0          0        116   fpclassifyf.o
        38         12          0          0          0        348   funder.o
       340         24         32          0          0        160   rredf.o
       400         56          0          0          0        212   sinf.o

    ----------------------------------------------------------------------
      8738        424        588          0         96       6136   Library Totals
        20          0          5          0          0          0   (incl. Padding)

    ----------------------------------------------------------------------

      Code (inc. data)   RO Data    RW Data    ZI Data      Debug   Library Name

      7246        268        551          0         96       4312   c_w.l
       272          8          0          0          0        728   fz_wm.l
      1200        148         32          0          0       1096   m_wm.l

    ----------------------------------------------------------------------
      8738        424        588          0         96       6136   Library Totals

    ----------------------------------------------------------------------

==============================================================================


      Code (inc. data)   RO Data    RW Data    ZI Data      Debug   

     42024        834       1320        424      11000     433850   Grand Totals
     42024        834       1320        224      11000     433850   ELF Image Totals (compressed)
     42024        834       1320        224          0          0   ROM Totals

==============================================================================

    Total RO  Size (Code + RO Data)                43344 (  42.33kB)
    Total RW  Size (RW Data + ZI Data)             11424 (  11.16kB)
    Total ROM Size (Code + RO Data + RW Data)      43568 (  42.55kB)

==============================================================================

